Component: ARM Compiler 5.06 update 5 (build 528) Tool: armlink [4d35e2]

==============================================================================

Section Cross References

    gd32f3x0_it.o(i.SysTick_Handler) refers to systick.o(i.delay_decrement) for delay_decrement
    gd32f3x0_it.o(i.SysTick_Handler) refers to systick.o(i.SystemTickInc) for SystemTickInc
    gd32f3x0_it.o(i.TIMER13_IRQHandler) refers to gd32f3x0_timer.o(i.timer_interrupt_flag_get) for timer_interrupt_flag_get
    gd32f3x0_it.o(i.TIMER13_IRQHandler) refers to gd32f3x0_timer.o(i.timer_interrupt_flag_clear) for timer_interrupt_flag_clear
    gd32f3x0_it.o(i.TIMER13_IRQHandler) refers to main.o(i.TIMER_Heat_callback) for TIMER_Heat_callback
    main.o(i._Z10RTC_configv) refers to gd32f3x0_rcu.o(i.rcu_periph_clock_enable) for rcu_periph_clock_enable
    main.o(i._Z10RTC_configv) refers to gd32f3x0_pmu.o(i.pmu_backup_write_enable) for pmu_backup_write_enable
    main.o(i._Z10RTC_configv) refers to gd32f3x0_rcu.o(i.rcu_osci_on) for rcu_osci_on
    main.o(i._Z10RTC_configv) refers to gd32f3x0_rcu.o(i.rcu_osci_stab_wait) for rcu_osci_stab_wait
    main.o(i._Z10RTC_configv) refers to gd32f3x0_rcu.o(i.rcu_rtc_clock_config) for rcu_rtc_clock_config
    main.o(i._Z10RTC_configv) refers to gd32f3x0_rtc.o(i.rtc_register_sync_wait) for rtc_register_sync_wait
    main.o(i._Z10RTC_configv) refers to main.o(.data) for .data
    main.o(i._Z10adc_configv) refers to gd32f3x0_adc.o(i.adc_special_function_config) for adc_special_function_config
    main.o(i._Z10adc_configv) refers to gd32f3x0_adc.o(i.adc_channel_length_config) for adc_channel_length_config
    main.o(i._Z10adc_configv) refers to gd32f3x0_adc.o(i.adc_regular_channel_config) for adc_regular_channel_config
    main.o(i._Z10adc_configv) refers to gd32f3x0_adc.o(i.adc_resolution_config) for adc_resolution_config
    main.o(i._Z10adc_configv) refers to gd32f3x0_adc.o(i.adc_external_trigger_config) for adc_external_trigger_config
    main.o(i._Z10adc_configv) refers to gd32f3x0_adc.o(i.adc_external_trigger_source_config) for adc_external_trigger_source_config
    main.o(i._Z10adc_configv) refers to gd32f3x0_adc.o(i.adc_data_alignment_config) for adc_data_alignment_config
    main.o(i._Z10adc_configv) refers to gd32f3x0_adc.o(i.adc_enable) for adc_enable
    main.o(i._Z10adc_configv) refers to systick.o(i.delay_1ms) for delay_1ms
    main.o(i._Z10adc_configv) refers to gd32f3x0_adc.o(i.adc_calibration_enable) for adc_calibration_enable
    main.o(i._Z10adc_configv) refers to gd32f3x0_adc.o(i.adc_software_trigger_enable) for adc_software_trigger_enable
    main.o(i._Z10i2c_configv) refers to gd32f3x0_i2c.o(i.i2c_clock_config) for i2c_clock_config
    main.o(i._Z10i2c_configv) refers to gd32f3x0_i2c.o(i.i2c_mode_addr_config) for i2c_mode_addr_config
    main.o(i._Z10i2c_configv) refers to gd32f3x0_i2c.o(i.i2c_enable) for i2c_enable
    main.o(i._Z10i2c_configv) refers to gd32f3x0_i2c.o(i.i2c_ack_config) for i2c_ack_config
    main.o(i._Z10rcu_configv) refers to gd32f3x0_rcu.o(i.rcu_periph_clock_enable) for rcu_periph_clock_enable
    main.o(i._Z10rcu_configv) refers to gd32f3x0_rcu.o(i.rcu_adc_clock_config) for rcu_adc_clock_config
    main.o(i._Z11gpio_configv) refers to gd32f3x0_gpio.o(i.gpio_mode_set) for gpio_mode_set
    main.o(i._Z11gpio_configv) refers to gd32f3x0_gpio.o(i.gpio_af_set) for gpio_af_set
    main.o(i._Z11gpio_configv) refers to gd32f3x0_gpio.o(i.gpio_output_options_set) for gpio_output_options_set
    main.o(i._Z13rtc_show_timev) refers to gd32f3x0_rtc.o(i.rtc_current_time_get) for rtc_current_time_get
    main.o(i._Z13rtc_show_timev) refers to main.o(.bss) for .bss
    main.o(i._Z17heat_timer_configv) refers to gd32f3x0_rcu.o(i.rcu_periph_clock_enable) for rcu_periph_clock_enable
    main.o(i._Z17heat_timer_configv) refers to gd32f3x0_timer.o(i.timer_deinit) for timer_deinit
    main.o(i._Z17heat_timer_configv) refers to gd32f3x0_timer.o(i.timer_struct_para_init) for timer_struct_para_init
    main.o(i._Z17heat_timer_configv) refers to gd32f3x0_timer.o(i.timer_init) for timer_init
    main.o(i._Z17heat_timer_configv) refers to gd32f3x0_timer.o(i.timer_interrupt_flag_clear) for timer_interrupt_flag_clear
    main.o(i._Z17heat_timer_configv) refers to gd32f3x0_timer.o(i.timer_interrupt_enable) for timer_interrupt_enable
    main.o(i._Z17heat_timer_configv) refers to gd32f3x0_timer.o(i.timer_enable) for timer_enable
    main.o(i._Z17heat_timer_configv) refers to gd32f3x0_misc.o(i.nvic_irq_enable) for nvic_irq_enable
    main.o(i._Z17pwm_config_buzzerv) refers to gd32f3x0_timer.o(i.timer_deinit) for timer_deinit
    main.o(i._Z17pwm_config_buzzerv) refers to gd32f3x0_timer.o(i.timer_init) for timer_init
    main.o(i._Z17pwm_config_buzzerv) refers to gd32f3x0_timer.o(i.timer_channel_output_config) for timer_channel_output_config
    main.o(i._Z17pwm_config_buzzerv) refers to gd32f3x0_timer.o(i.timer_channel_output_pulse_value_config) for timer_channel_output_pulse_value_config
[...]
    _get_lc_numeric                           - Undefined Weak Reference
    _get_lc_time                              - Undefined Weak Reference
    _getenv_init                              - Undefined Weak Reference
    _handle_redirection                       - Undefined Weak Reference
    _initio                                   - Undefined Weak Reference
    _mutex_acquire                            - Undefined Weak Reference
    _mutex_free                               - Undefined Weak Reference
    _mutex_release                            - Undefined Weak Reference
    _printf_mbtowc                            - Undefined Weak Reference
    _printf_truncate_signed                   - Undefined Weak Reference
    _printf_truncate_unsigned                 - Undefined Weak Reference
    _rand_init                                - Undefined Weak Reference
    _signal_finish                            - Undefined Weak Reference
    _signal_init                              - Undefined Weak Reference
    _terminateio                              - Undefined Weak Reference
    __Vectors_Size                           0x00000150   Number         0  startup_gd32f3x0.o ABSOLUTE
    __Vectors                                0x08000000   Data           4  startup_gd32f3x0.o(RESET)
    __Vectors_End                            0x08000150   Data           0  startup_gd32f3x0.o(RESET)
    __main                                   0x08000151   Thumb Code     8  __main.o(!!!main)
    __scatterload                            0x08000159   Thumb Code     0  __scatter.o(!!!scatter)
    __scatterload_rt2                        0x08000159   Thumb Code    44  __scatter.o(!!!scatter)
    __scatterload_rt2_thumb_only             0x08000159   Thumb Code     0  __scatter.o(!!!scatter)
    __scatterload_null                       0x08000167   Thumb Code     0  __scatter.o(!!!scatter)
    __decompress                             0x0800018d   Thumb Code    90  __dczerorl2.o(!!dczerorl2)
    __decompress1                            0x0800018d   Thumb Code     0  __dczerorl2.o(!!dczerorl2)
    __scatterload_zeroinit                   0x080001e9   Thumb Code    28  __scatter_zi.o(!!handler_zi)
    _printf_d                                0x08000205   Thumb Code     0  _printf_d.o(.ARM.Collect$$_printf_percent$$00000009)
    _printf_percent                          0x08000205   Thumb Code     0  _printf_percent.o(.ARM.Collect$$_printf_percent$$00000000)
    _printf_s                                0x0800020b   Thumb Code     0  _printf_s.o(.ARM.Collect$$_printf_percent$$00000014)
    _printf_percent_end                      0x08000211   Thumb Code     0  _printf_percent_end.o(.ARM.Collect$$_printf_percent$$00000017)
    __rt_lib_init                            0x08000215   Thumb Code     0  libinit.o(.ARM.Collect$$libinit$$00000000)
    __rt_lib_init_fp_1                       0x08000217   Thumb Code     0  libinit2.o(.ARM.Collect$$libinit$$00000001)
    __rt_lib_init_heap_2                     0x0800021b   Thumb Code     0  libinit2.o(.ARM.Collect$$libinit$$00000005)
    __rt_lib_init_preinit_1                  0x0800021b   Thumb Code     0  libinit2.o(.ARM.Collect$$libinit$$00000004)
    __rt_lib_init_alloca_1                   0x08000223   Thumb Code     0  libinit2.o(.ARM.Collect$$libinit$$0000002E)
    __rt_lib_init_argv_1                     0x08000223   Thumb Code     0  libinit2.o(.ARM.Collect$$libinit$$0000002C)
    __rt_lib_init_atexit_1                   0x08000223   Thumb Code     0  libinit2.o(.ARM.Collect$$libinit$$0000001B)
    __rt_lib_init_clock_1                    0x08000223   Thumb Code     0  libinit2.o(.ARM.Collect$$libinit$$00000021)
    __rt_lib_init_cpp_2                      0x08000223   Thumb Code     0  libinit2.o(.ARM.Collect$$libinit$$00000031)
    __rt_lib_init_exceptions_1               0x08000223   Thumb Code     0  libinit2.o(.ARM.Collect$$libinit$$00000030)
    __rt_lib_init_fp_trap_1                  0x08000223   Thumb Code     0  libinit2.o(.ARM.Collect$$libinit$$0000001F)
    __rt_lib_init_getenv_1                   0x08000223   Thumb Code     0  libinit2.o(.ARM.Collect$$libinit$$00000023)
    __rt_lib_init_heap_1                     0x08000223   Thumb Code     0  libinit2.o(.ARM.Collect$$libinit$$0000000A)
    __rt_lib_init_lc_collate_1               0x08000223   Thumb Code     0  libinit2.o(.ARM.Collect$$libinit$$00000011)
    __rt_lib_init_lc_ctype_1                 0x08000223   Thumb Code     0  libinit2.o(.ARM.Collect$$libinit$$00000013)
    __rt_lib_init_lc_monetary_1              0x08000223   Thumb Code     0  libinit2.o(.ARM.Collect$$libinit$$00000015)
    __rt_lib_init_lc_numeric_1               0x08000223   Thumb Code     0  libinit2.o(.ARM.Collect$$libinit$$00000017)
    __rt_lib_init_lc_time_1                  0x08000223   Thumb Code     0  libinit2.o(.ARM.Collect$$libinit$$00000019)
    __rt_lib_init_rand_1                     0x08000223   Thumb Code     0  libinit2.o(.ARM.Collect$$libinit$$0000000E)
    __rt_lib_init_signal_1                   0x08000223   Thumb Code     0  libinit2.o(.ARM.Collect$$libinit$$0000001D)
    __rt_lib_init_stdio_1                    0x08000223   Thumb Code     0  libinit2.o(.ARM.Collect$$libinit$$00000025)
    __rt_lib_init_user_alloc_1               0x08000223   Thumb Code     0  libinit2.o(.ARM.Collect$$libinit$$0000000C)
    __rt_lib_init_cpp_1                      0x08000227   Thumb Code     0  libinit2.o(.ARM.Collect$$libinit$$00000032)
    __rt_lib_init_return                     0x08000227   Thumb Code     0  libinit2.o(.ARM.Collect$$libinit$$00000033)
    __rt_lib_shutdown                        0x08000229   Thumb Code     0  libshutdown.o(.ARM.Collect$$libshutdown$$00000000)
    __rt_lib_shutdown_cpp_1                  0x0800022b   Thumb Code     0  libshutdown2.o(.ARM.Collect$$libshutdown$$00000002)
    __rt_lib_shutdown_fp_trap_1              0x0800022b   Thumb Code     0  libshutdown2.o(.ARM.Collect$$libshutdown$$00000007)
    __rt_lib_shutdown_heap_1                 0x0800022b   Thumb Code     0  libshutdown2.o(.ARM.Collect$$libshutdown$$0000000F)
    __rt_lib_shutdown_return                 0x0800022b   Thumb Code     0  libshutdown2.o(.ARM.Collect$$libshutdown$$00000010)
    __rt_lib_shutdown_signal_1               0x0800022b   Thumb Code     0  libshutdown2.o(.ARM.Collect$$libshutdown$$0000000A)
    __rt_lib_shutdown_stdio_1                0x0800022b   Thumb Code     0  libshutdown2.o(.ARM.Collect$$libshutdown$$00000004)
    __rt_lib_shutdown_user_alloc_1           0x0800022b   Thumb Code     0  libshutdown2.o(.ARM.Collect$$libshutdown$$0000000C)
    __rt_entry                               0x0800022d   Thumb Code     0  __rtentry.o(.ARM.Collect$$rtentry$$00000000)
    __rt_entry_presh_1                       0x0800022d   Thumb Code     0  __rtentry2.o(.ARM.Collect$$rtentry$$00000002)
    __rt_entry_sh                            0x0800022d   Thumb Code     0  __rtentry4.o(.ARM.Collect$$rtentry$$00000004)
    __rt_entry_li                            0x08000233   Thumb Code     0  __rtentry2.o(.ARM.Collect$$rtentry$$0000000A)
    __rt_entry_postsh_1                      0x08000233   Thumb Code     0  __rtentry2.o(.ARM.Collect$$rtentry$$00000009)
    __rt_entry_main                          0x08000237   Thumb Code     0  __rtentry2.o(.ARM.Collect$$rtentry$$0000000D)
    __rt_entry_postli_1                      0x08000237   Thumb Code     0  __rtentry2.o(.ARM.Collect$$rtentry$$0000000C)
    __rt_exit                                0x0800023f   Thumb Code     0  rtexit.o(.ARM.Collect$$rtexit$$00000000)
    __rt_exit_ls                             0x08000241   Thumb Code     0  rtexit2.o(.ARM.Collect$$rtexit$$00000003)
    __rt_exit_prels_1                        0x08000241   Thumb Code     0  rtexit2.o(.ARM.Collect$$rtexit$$00000002)
    __rt_exit_exit                           0x08000245   Thumb Code     0  rtexit2.o(.ARM.Collect$$rtexit$$00000004)
    Reset_Handler                            0x0800024d   Thumb Code     8  startup_gd32f3x0.o(.text)
    _maybe_terminate_alloc                   0x0800024d   Thumb Code     0  maybetermalloc1.o(.emb_text)
    ADC_CMP_IRQHandler                       0x08000267   Thumb Code     0  startup_gd32f3x0.o(.text)
    CEC_IRQHandler                           0x08000267   Thumb Code     0  startup_gd32f3x0.o(.text)
    DMA_Channel0_IRQHandler                  0x08000267   Thumb Code     0  startup_gd32f3x0.o(.text)
    DMA_Channel1_2_IRQHandler                0x08000267   Thumb Code     0  startup_gd32f3x0.o(.text)
    DMA_Channel3_4_IRQHandler                0x08000267   Thumb Code     0  startup_gd32f3x0.o(.text)
    DMA_Channel5_6_IRQHandler                0x08000267   Thumb Code     0  startup_gd32f3x0.o(.text)
    EXTI0_1_IRQHandler                       0x08000267   Thumb Code     0  startup_gd32f3x0.o(.text)
    EXTI2_3_IRQHandler                       0x08000267   Thumb Code     0  startup_gd32f3x0.o(.text)
    EXTI4_15_IRQHandler                      0x08000267   Thumb Code     0  startup_gd32f3x0.o(.text)
    FMC_IRQHandler                           0x08000267   Thumb Code     0  startup_gd32f3x0.o(.text)
    I2C0_ER_IRQHandler                       0x08000267   Thumb Code     0  startup_gd32f3x0.o(.text)
    I2C0_EV_IRQHandler                       0x08000267   Thumb Code     0  startup_gd32f3x0.o(.text)
    I2C1_ER_IRQHandler                       0x08000267   Thumb Code     0  startup_gd32f3x0.o(.text)
    I2C1_EV_IRQHandler                       0x08000267   Thumb Code     0  startup_gd32f3x0.o(.text)
    LVD_IRQHandler                           0x08000267   Thumb Code     0  startup_gd32f3x0.o(.text)
    RCU_CTC_IRQHandler                       0x08000267   Thumb Code     0  startup_gd32f3x0.o(.text)
    RTC_IRQHandler                           0x08000267   Thumb Code     0  startup_gd32f3x0.o(.text)
    SPI0_IRQHandler                          0x08000267   Thumb Code     0  startup_gd32f3x0.o(.text)
    SPI1_IRQHandler                          0x08000267   Thumb Code     0  startup_gd32f3x0.o(.text)
    TIMER0_BRK_UP_TRG_COM_IRQHandler         0x08000267   Thumb Code     0  startup_gd32f3x0.o(.text)
    TIMER0_Channel_IRQHandler                0x08000267   Thumb Code     0  startup_gd32f3x0.o(.text)
    TIMER14_IRQHandler                       0x08000267   Thumb Code     0  startup_gd32f3x0.o(.text)
    TIMER15_IRQHandler                       0x08000267   Thumb Code     0  startup_gd32f3x0.o(.text)
    TIMER16_IRQHandler                       0x08000267   Thumb Code     0  startup_gd32f3x0.o(.text)
    TIMER1_IRQHandler                        0x08000267   Thumb Code     0  startup_gd32f3x0.o(.text)
    TIMER2_IRQHandler                        0x08000267   Thumb Code     0  startup_gd32f3x0.o(.text)
    TIMER5_DAC_IRQHandler                    0x08000267   Thumb Code     0  startup_gd32f3x0.o(.text)
    TSI_IRQHandler                           0x08000267   Thumb Code     0  startup_gd32f3x0.o(.text)
    USART0_IRQHandler                        0x08000267   Thumb Code     0  startup_gd32f3x0.o(.text)
    USART1_IRQHandler                        0x08000267   Thumb Code     0  startup_gd32f3x0.o(.text)
    USBFS_IRQHandler                         0x08000267   Thumb Code     0  startup_gd32f3x0.o(.text)
    USBFS_WKUP_IRQHandler                    0x08000267   Thumb Code     0  startup_gd32f3x0.o(.text)
    WWDGT_IRQHandler                         0x08000267   Thumb Code     0  startup_gd32f3x0.o(.text)
    __user_initial_stackheap                 0x08000269   Thumb Code    10  startup_gd32f3x0.o(.text)
    __2sprintf                               0x0800028d   Thumb Code    34  noretval__2sprintf.o(.text)
    _printf_pre_padding                      0x080002b5   Thumb Code    44  _printf_pad.o(.text)
    _printf_post_padding                     0x080002e1   Thumb Code    34  _printf_pad.o(.text)
    _printf_str                              0x08000303   Thumb Code    82  _printf_str.o(.text)
    _printf_int_dec                          0x08000355   Thumb Code   104  _printf_dec.o(.text)
    __printf                                 0x080003cd   Thumb Code   308  __printf_flags_wp.o(.text)
    strlen                                   0x08000505   Thumb Code    62  strlen.o(.text)
    __aeabi_memcpy                           0x08000543   Thumb Code     0  rt_memcpy_v6.o(.text)
    __rt_memcpy                              0x08000543   Thumb Code   138  rt_memcpy_v6.o(.text)
    _memcpy_lastbytes                        0x080005a9   Thumb Code     0  rt_memcpy_v6.o(.text)
    __aeabi_memset                           0x080005cd   Thumb Code    16  aeabi_memset.o(.text)
    localtime                                0x080005dd   Thumb Code     6  localtime.o(.text)
    mktime                                   0x08000627   Thumb Code   356  mktime.o(.text)
    __use_two_region_memory                  0x08000795   Thumb Code     2  heapauxi.o(.text)
    __rt_heap_escrow                         0x08000797   Thumb Code     2  heapauxi.o(.text)
    __rt_heap_expand                         0x08000799   Thumb Code     2  heapauxi.o(.text)
    __cpp_initialize__aeabi_                 0x0800079d   Thumb Code    26  init_aeabi.o(.text)
    __read_errno                             0x080007c1   Thumb Code    10  _rserrno.o(.text)
    __set_errno                              0x080007cb   Thumb Code    12  _rserrno.o(.text)
    _printf_int_common                       0x080007d7   Thumb Code   178  _printf_intcommon.o(.text)
    _printf_char_common                      0x08000893   Thumb Code    32  _printf_char_common.o(.text)
    _sputc                                   0x080008b9   Thumb Code    10  _sputc.o(.text)
    _printf_cs_common                        0x080008c3   Thumb Code    20  _printf_char.o(.text)
    _printf_char                             0x080008d7   Thumb Code    16  _printf_char.o(.text)
    _printf_string                           0x080008e7   Thumb Code     8  _printf_char.o(.text)
    __aeabi_memcpy4                          0x080008ef   Thumb Code     0  rt_memcpy_w.o(.text)
    __aeabi_memcpy8                          0x080008ef   Thumb Code     0  rt_memcpy_w.o(.text)
    __rt_memcpy_w                            0x080008ef   Thumb Code   100  rt_memcpy_w.o(.text)
    _memcpy_lastbytes_aligned                0x08000937   Thumb Code     0  rt_memcpy_w.o(.text)
    __aeabi_memclr                           0x08000953   Thumb Code     0  rt_memclr.o(.text)
    __rt_memclr                              0x08000953   Thumb Code    68  rt_memclr.o(.text)
    _memset                                  0x08000957   Thumb Code     0  rt_memclr.o(.text)
    _localtime_r                             0x08000999   Thumb Code   178  localtime_internal.o(.text)
    _n$localtime_r                           0x08000999   Thumb Code     0  localtime_internal.o(.text)
    __rt_new_handler_addr                    0x08000a51   Thumb Code     8  rt_new_handler_addr_intlibspace.o(.text)
    __aeabi_errno_addr                       0x08000a59   Thumb Code     8  rt_errno_addr_intlibspace.o(.text)
    __errno$intlibspace                      0x08000a59   Thumb Code     0  rt_errno_addr_intlibspace.o(.text)
    __rt_errno_addr$intlibspace              0x08000a59   Thumb Code     0  rt_errno_addr_intlibspace.o(.text)
    malloc                                   0x08000a61   Thumb Code    94  h1_alloc.o(.text)
    free                                     0x08000abf   Thumb Code    78  h1_free.o(.text)
    __aeabi_memclr4                          0x08000b0d   Thumb Code     0  rt_memclr_w.o(.text)
    __aeabi_memclr8                          0x08000b0d   Thumb Code     0  rt_memclr_w.o(.text)
    __rt_memclr_w                            0x08000b0d   Thumb Code    78  rt_memclr_w.o(.text)
    _memset_w                                0x08000b11   Thumb Code     0  rt_memclr_w.o(.text)
    __default_new_handler()                  0x08000b5b   Thumb Code     4  arm_newhandler_noexceptions.o(.text)
    std::terminate()                         0x08000b5f   Thumb Code    26  arm_exceptions_terminate.o(.text)
    __cxa_get_globals                        0x08000b7f   Thumb Code    62  arm_exceptions_globs.o(.text)
    __user_libspace                          0x08000bc9   Thumb Code     8  libspace.o(.text)
    __user_perproc_libspace                  0x08000bc9   Thumb Code     0  libspace.o(.text)
    __user_perthread_libspace                0x08000bc9   Thumb Code     0  libspace.o(.text)
    __user_setup_stackheap                   0x08000bd1   Thumb Code    74  sys_stackheap_outer.o(.text)
    __rt_heap_descriptor                     0x08000c1d   Thumb Code     8  rt_heap_descriptor_intlibspace.o(.text)
    __rt_eh_globals_addr                     0x08000c25   Thumb Code     8  rt_eh_globals_addr_intlibspace.o(.text)
    __use_no_heap                            0x08000c2d   Thumb Code     2  hguard.o(.text)
    __heap$guard                             0x08000c2f   Thumb Code     2  hguard.o(.text)
    _terminate_user_alloc                    0x08000c31   Thumb Code     2  init_alloc.o(.text)
    _init_user_alloc                         0x08000c33   Thumb Code     2  init_alloc.o(.text)
    __Heap_Full                              0x08000c35   Thumb Code    34  init_alloc.o(.text)
    __Heap_Broken                            0x08000c57   Thumb Code     6  init_alloc.o(.text)
    _init_alloc                              0x08000c5d   Thumb Code    94  init_alloc.o(.text)
    __Heap_Initialize                        0x08000cbb   Thumb Code    10  h1_init.o(.text)
    __Heap_DescSize                          0x08000cc5   Thumb Code     4  h1_init.o(.text)
    exit                                     0x08000cc9   Thumb Code    18  exit.o(.text)
    abort                                    0x08000cdb   Thumb Code    22  abort.o(.text)
    __ARM_exceptions_buffer_init             0x08000cf1   Thumb Code    18  arm_exceptions_mem.o(.text)
    __ARM_exceptions_buffer_allocate         0x08000d03   Thumb Code    22  arm_exceptions_mem.o(.text)
    __ARM_exceptions_buffer_free             0x08000d19   Thumb Code    20  arm_exceptions_mem.o(.text)
    _sys_exit                                0x08000d2d   Thumb Code     8  sys_exit.o(.text)
    __Heap_ProvideMemory                     0x08000d39   Thumb Code    52  h1_extend.o(.text)
    __rt_SIGABRT                             0x08000d6d   Thumb Code    14  defsig_abrt_outer.o(.text)
    __rt_SIGRTMEM                            0x08000d7b   Thumb Code    14  defsig_rtmem_outer.o(.text)
    __I$use$semihosting                      0x08000d89   Thumb Code     0  use_no_semi.o(.text)
    __use_no_semihosting_swi                 0x08000d89   Thumb Code     2  use_no_semi.o(.text)
    __semihosting_library_function           0x08000d8b   Thumb Code     0  indicate_semi.o(.text)
    __sig_exit                               0x08000d8b   Thumb Code    10  defsig_exit.o(.text)
    __rt_SIGABRT_inner                       0x08000d95   Thumb Code    14  defsig_abrt_inner.o(.text)
    __rt_SIGRTMEM_inner                      0x08000dc5   Thumb Code    22  defsig_rtmem_inner.o(.text)
    __default_signal_display                 0x08000e15   Thumb Code    50  defsig_general.o(.text)
    _ttywrch                                 0x08000e47   Thumb Code    14  sys_wrch.o(.text)
    AcceptParameter                          0x08000e55   Thumb Code   938  elektronika.o(i.AcceptParameter)
    BusFault_Handler                         0x08001211   Thumb Code     2  gd32f3x0_it.o(i.BusFault_Handler)
    CustomNext                               0x08001215   Thumb Code    34  elektronika.o(i.CustomNext)
    CustomPrev                               0x0800123d   Thumb Code    34  elektronika.o(i.CustomPrev)
    DateMinus                                0x08001265   Thumb Code    98  elektronika.o(i.DateMinus)
    DatePlus                                 0x080012d1   Thumb Code    84  elektronika.o(i.DatePlus)
    DebugMon_Handler                         0x0800132d   Thumb Code     2  gd32f3x0_it.o(i.DebugMon_Handler)
    DrawEditParameter                        0x08001331   Thumb Code  5114  elektronika.o(i.DrawEditParameter)
    DrawMainScreen                           0x08002761   Thumb Code  1234  elektronika.o(i.DrawMainScreen)
    DrawMenu                                 0x08002c45   Thumb Code   618  elektronika.o(i.DrawMenu)
    DrawMenuText                             0x08003091   Thumb Code   242  elektronika.o(i.DrawMenuText)
    DrawMenuTitle                            0x080031d1   Thumb Code    86  elektronika.o(i.DrawMenuTitle)
    DrawMenuTitle2                           0x08003231   Thumb Code    82  elektronika.o(i.DrawMenuTitle2)
    DrawTemperature                          0x0800328d   Thumb Code   140  elektronika.o(i.DrawTemperature)
    DrawTextAligment                         0x08003331   Thumb Code   294  elektronika.o(i.DrawTextAligment)
    DrawTextSelected                         0x0800345d   Thumb Code   270  elektronika.o(i.DrawTextSelected)
    DrawWindowOpen                           0x08003571   Thumb Code    66  elektronika.o(i.DrawWindowOpen)
    GetSystemTick                            0x080035c1   Thumb Code     6  systick.o(i.GetSystemTick)
    HardFault_Handler                        0x080035cd   Thumb Code     2  gd32f3x0_it.o(i.HardFault_Handler)
    MemManage_Handler                        0x080035cf   Thumb Code     2  gd32f3x0_it.o(i.MemManage_Handler)
    MenuBack                                 0x080035d1   Thumb Code    74  elektronika.o(i.MenuBack)
    NMI_Handler                              0x08003629   Thumb Code     2  gd32f3x0_it.o(i.NMI_Handler)
    Off                                      0x0800364d   Thumb Code    18  elektronika.o(i.Off)
    On                                       0x08003665   Thumb Code    18  elektronika.o(i.On)
    PendSV_Handler                           0x0800367d   Thumb Code     2  gd32f3x0_it.o(i.PendSV_Handler)
    PrepareEditParameter                     0x08003681   Thumb Code   250  elektronika.o(i.PrepareEditParameter)
    ResetAllSettings                         0x08003785   Thumb Code   126  elektronika.o(i.ResetAllSettings)
    SVC_Handler                              0x08003809   Thumb Code     2  gd32f3x0_it.o(i.SVC_Handler)
    SysTick_Handler                          0x0800380b   Thumb Code    14  gd32f3x0_it.o(i.SysTick_Handler)
    SystemInit                               0x08003819   Thumb Code   286  system_gd32f3x0.o(i.SystemInit)
    SystemTickInc                            0x08003961   Thumb Code    10  systick.o(i.SystemTickInc)
    TIMER13_IRQHandler                       0x08003971   Thumb Code    34  gd32f3x0_it.o(i.TIMER13_IRQHandler)
    TIMER_Heat_callback                      0x08003999   Thumb Code     2  main.o(i.TIMER_Heat_callback)
    TempMinus                                0x0800399d   Thumb Code    26  elektronika.o(i.TempMinus)
    TempPlus                                 0x080039bd   Thumb Code    26  elektronika.o(i.TempPlus)
    TimeMinus                                0x080039dd   Thumb Code    86  elektronika.o(i.TimeMinus)
    TimePlus                                 0x08003a3d   Thumb Code    84  elektronika.o(i.TimePlus)
    UsageFault_Handler                       0x08003a99   Thumb Code     2  gd32f3x0_it.o(i.UsageFault_Handler)
    MainScreen()                             0x08003a9d   Thumb Code    16  elektronika.o(i._Z10MainScreenv)
    adc_config()                             0x08003ab1   Thumb Code    92  main.o(i._Z10adc_configv)
    i2c_config()                             0x08003b0d   Thumb Code    44  main.o(i._Z10i2c_configv)
    keyPressed()                             0x08003b41   Thumb Code   180  elektronika.o(i._Z10keyPressedv)
    rcu_config()                             0x08003bfd   Thumb Code    84  main.o(i._Z10rcu_configv)
    crc32_1byte(const void*, int, unsigned)  0x08003c51   Thumb Code    32  crc32.o(i._Z11crc32_1bytePKvij)
    gpio_config()                            0x08003c75   Thumb Code   218  main.o(i._Z11gpio_configv)
    startScreen()                            0x08003d55   Thumb Code   816  elektronika.o(i._Z11startScreenv)
    DrawDateEdit()                           0x080040e9   Thumb Code   592  elektronika.o(i._Z12DrawDateEditv)
    DrawTimeEdit()                           0x08004375   Thumb Code   544  elektronika.o(i._Z12DrawTimeEditv)
    DrawCustomDay(int)                       0x080045c5   Thumb Code   274  elektronika.o(i._Z13DrawCustomDayi)
    DrawLeftRight(int)                       0x080046e9   Thumb Code    36  elektronika.o(i._Z13DrawLeftRighti)
    getTemperature()                         0x08004715   Thumb Code   342  elektronika.o(i._Z14getTemperaturev)
    pwm_config_lcd_bl()                      0x080048d1   Thumb Code   138  main.o(i._Z17pwm_config_lcd_blv)
    GoOK()                                   0x08004961   Thumb Code   170  elektronika.o(i._Z4GoOKv)
    MenuOK()                                 0x08004a1d   Thumb Code   112  elektronika.o(i._Z6MenuOKv)
    isLeap(int)                              0x08004a95   Thumb Code    38  elektronika.o(i._Z6isLeapi)
    blocked()                                0x08004abd   Thumb Code   176  elektronika.o(i._Z7blockedv)
    MenuNext()                               0x08004b79   Thumb Code    88  elektronika.o(i._Z8MenuNextv)
    MenuPrev()                               0x08004bdd   Thumb Code    92  elektronika.o(i._Z8MenuPrevv)
    SetPower(signed char)                    0x08004c45   Thumb Code   144  elektronika.o(i._Z8SetPowera)
    deviceON()                               0x08004ce5   Thumb Code    46  elektronika.o(i._Z8deviceONv)
    EnterMenu()                              0x08004d1d   Thumb Code    20  elektronika.o(i._Z9EnterMenuv)
    deviceOFF()                              0x08004d35   Thumb Code    58  elektronika.o(i._Z9deviceOFFv)
    unblocked()                              0x08004d79   Thumb Code   176  elektronika.o(i._Z9unblockedv)
    PixelsBase::printString(short, short, char*, bool, signed char*) 0x08004e35   Thumb Code  1536  pixels.o(i._ZN10PixelsBase11printStringEssPcbPa)
    PixelsBase::computeColor(RGB, unsigned char) 0x08005435   Thumb Code   106  pixels.o(i._ZN10PixelsBase12computeColorE3RGBh)
    PixelsBase::getTextWidth(char*, signed char*) 0x0800549f   Thumb Code   176  pixels.o(i._ZN10PixelsBase12getTextWidthEPcPa)
    PixelsBase::drawRectangle(short, short, short, short) 0x0800554f   Thumb Code    80  pixels.o(i._ZN10PixelsBase13drawRectangleEssss)
    PixelsBase::fillRectangle(short, short, short, short) 0x0800559f   Thumb Code    50  pixels.o(i._ZN10PixelsBase13fillRectangleEssss)
    PixelsBase::setBackground(RGB)           0x080055d1   Thumb Code    18  elektronika.o(i._ZN10PixelsBase13setBackgroundE3RGB)
    PixelsBase::setOrientation(unsigned char) 0x080055e3   Thumb Code    52  pixels.o(i._ZN10PixelsBase14setOrientationEh)
    PixelsBase::deviceWriteData(unsigned char, unsigned char) 0x08005617   Thumb Code     2  pixels.o(i._ZN10PixelsBase15deviceWriteDataEhh)
    PixelsBase::setCurrentPixel(RGB)         0x08005619   Thumb Code    26  pixels.o(i._ZN10PixelsBase15setCurrentPixelE3RGB)
    PixelsBase::setCurrentPixel(short)       0x08005633   Thumb Code    12  pixels.o(i._ZN10PixelsBase15setCurrentPixelEs)
    PixelsBase::getTextLineHeight()          0x0800563f   Thumb Code    10  pixels.o(i._ZN10PixelsBase17getTextLineHeightEv)
    PixelsBase::drawCompressedBitmap(short, short, const unsigned char*) 0x08005649   Thumb Code   722  pixels.o(i._ZN10PixelsBase20drawCompressedBitmapEssPKh)
    PixelsBase::sizeCompressedBitmap(short&, short&, const unsigned char*) 0x08005921   Thumb Code   124  pixels.o(i._ZN10PixelsBase20sizeCompressedBitmapERsS0_PKh)
    PixelsBase::fill(int, short, short, short, short) 0x0800599d   Thumb Code   364  pixels.o(i._ZN10PixelsBase4fillEissss)
    PixelsBase::clear()                      0x08005b09   Thumb Code    60  pixels.o(i._ZN10PixelsBase5clearEv)
    PixelsBase::hLine(short, short, short)   0x08005b45   Thumb Code    32  pixels.o(i._ZN10PixelsBase5hLineEsss)
    PixelsBase::print(short, short, char*, signed char*) 0x08005b65   Thumb Code    16  pixels.o(i._ZN10PixelsBase5printEssPcPa)
    PixelsBase::vLine(short, short, short)   0x08005b75   Thumb Code    32  pixels.o(i._ZN10PixelsBase5vLineEsss)
    PixelsBase::setFont(const unsigned char*) 0x08005b95   Thumb Code    40  pixels.o(i._ZN10PixelsBase7setFontEPKh)
    PixelsBase::setColor(RGB)                0x08005bbd   Thumb Code    16  pixels.o(i._ZN10PixelsBase8setColorE3RGB)
    PixelsBase::setColor(unsigned char, unsigned char, unsigned char) 0x08005bcd   Thumb Code    32  pixels.o(i._ZN10PixelsBase8setColorEhhh)
    PixelsBase::drawPixel(short, short)      0x08005bed   Thumb Code   146  pixels.o(i._ZN10PixelsBase9drawPixelEss)
    PixelsBase::quickFill(int, short, short, short, short) 0x08005c85   Thumb Code     2  pixels.o(i._ZN10PixelsBase9quickFillEissss)
    PixelsBase::setRegion(short, short, short, short) 0x08005c87   Thumb Code     2  pixels.o(i._ZN10PixelsBase9setRegionEssss)
    PixelsBase::PixelsBase(unsigned short, unsigned short) 0x08005c89   Thumb Code   122  pixels.o(i._ZN10PixelsBaseC1Ett)
    PixelsBase::PixelsBase__sub_object(unsigned short, unsigned short) 0x08005c89   Thumb Code     0  pixels.o(i._ZN10PixelsBaseC1Ett)
    ClickButton::getPressed()                0x08005d11   Thumb Code    24  elektronika.o(i._ZN11ClickButton10getPressedEv)
    ClickButton::getLongPressed()            0x08005d29   Thumb Code    24  elektronika.o(i._ZN11ClickButton14getLongPressedEv)
    ClickButton::update()                    0x08005d41   Thumb Code   176  elektronika.o(i._ZN11ClickButton6updateEv)
    ClickButton::duration()                  0x08005df1   Thumb Code    14  elektronika.o(i._ZN11ClickButton8durationEv)
    ClickButton::ClickButton(unsigned char, unsigned short, bool) 0x08005dff   Thumb Code    30  elektronika.o(i._ZN11ClickButtonC1Ehtb)
    ClickButton::ClickButton__sub_object(unsigned char, unsigned short, bool) 0x08005dff   Thumb Code     0  elektronika.o(i._ZN11ClickButtonC1Ehtb)
    RGB::convertTo565()                      0x08005e1d   Thumb Code    22  pixels.o(i._ZN3RGB12convertTo565Ev)
    RGB::RGB(unsigned char, unsigned char, unsigned char) 0x08005e33   Thumb Code     8  pixels.o(i._ZN3RGBC1Ehhh)
    RGB::RGB__sub_object(unsigned char, unsigned char, unsigned char) 0x08005e33   Thumb Code     0  pixels.o(i._ZN3RGBC1Ehhh)
    PPI8::initInterface()                    0x08005e3d   Thumb Code    50  elektronika.o(i._ZN4PPI813initInterfaceEv)
    PPI8::writeCmd(unsigned char)            0x08005e75   Thumb Code    46  elektronika.o(i._ZN4PPI88writeCmdEh)
    PPI8::writeData(unsigned char)           0x08005ea9   Thumb Code    46  elektronika.o(i._ZN4PPI89writeDataEh)
    Pixels::displayOff()                     0x08005edd   Thumb Code    16  elektronika.o(i._ZN6Pixels10displayOffEv)
    Pixels::deviceWriteData(unsigned char, unsigned char) 0x08005ef1   Thumb Code    22  elektronika.o(i._ZN6Pixels15deviceWriteDataEhh)
    Pixels::init()                           0x08005f09   Thumb Code   652  elektronika.o(i._ZN6Pixels4initEv)
    Pixels::displayOn()                      0x08006199   Thumb Code    16  elektronika.o(i._ZN6Pixels9displayOnEv)
    Pixels::quickFill(int, short, short, short, short) 0x080061ad   Thumb Code   454  elektronika.o(i._ZN6Pixels9quickFillEissss)
    Pixels::setRegion(short, short, short, short) 0x08006379   Thumb Code   230  elektronika.o(i._ZN6Pixels9setRegionEssss)
    BitStream::readNumber()                  0x0800645f   Thumb Code    48  pixels.o(i._ZN9BitStream10readNumberEv)
    BitStream::readBit()                     0x0800648f   Thumb Code    30  pixels.o(i._ZN9BitStream7readBitEv)
    BitStream::readBits(unsigned char)       0x080064ad   Thumb Code    88  pixels.o(i._ZN9BitStream8readBitsEh)
    operator delete[] (void*)                0x08006505   Thumb Code     8  array_del.o(i._ZdaPv)
    operator delete (void*)                  0x0800650d   Thumb Code     8  delete.o(i._ZdlPv)
    operator new[] (unsigned)                0x08006515   Thumb Code     8  array_new.o(i._Znaj)
    operator new(unsigned)                   0x0800651d   Thumb Code    34  new.o(i._Znwj)
    __hardfp_logf                            0x08006545   Thumb Code   320  logf.o(i.__hardfp_logf)
    __mathlib_logf                           0x08006545   Thumb Code     0  logf.o(i.__hardfp_logf)
    __hardfp_rintf                           0x080066b1   Thumb Code    16  rintf.o(i.__hardfp_rintf)
    __mathlib_flt_divzero                    0x080066c1   Thumb Code    14  funder.o(i.__mathlib_flt_divzero)
    __mathlib_flt_infnan                     0x080066d5   Thumb Code     6  funder.o(i.__mathlib_flt_infnan)
    __mathlib_flt_invalid                    0x080066dd   Thumb Code    10  funder.o(i.__mathlib_flt_invalid)
    _is_digit                                0x080067e1   Thumb Code    14  __printf_wp.o(i._is_digit)
    adc_calibration_enable                   0x080067f1   Thumb Code    32  gd32f3x0_adc.o(i.adc_calibration_enable)
    adc_channel_length_config                0x08006815   Thumb Code    54  gd32f3x0_adc.o(i.adc_channel_length_config)
    adc_data_alignment_config                0x08006851   Thumb Code    22  gd32f3x0_adc.o(i.adc_data_alignment_config)
    adc_enable                               0x0800686d   Thumb Code    18  gd32f3x0_adc.o(i.adc_enable)
    adc_external_trigger_config              0x08006885   Thumb Code    56  gd32f3x0_adc.o(i.adc_external_trigger_config)
    adc_external_trigger_source_config       0x080068c1   Thumb Code    34  gd32f3x0_adc.o(i.adc_external_trigger_source_config)
    adc_flag_clear                           0x080068e9   Thumb Code    10  gd32f3x0_adc.o(i.adc_flag_clear)
    adc_flag_get                             0x080068f9   Thumb Code    16  gd32f3x0_adc.o(i.adc_flag_get)
    adc_regular_channel_config               0x0800690d   Thumb Code   114  gd32f3x0_adc.o(i.adc_regular_channel_config)
    adc_regular_data_read                    0x08006985   Thumb Code     8  gd32f3x0_adc.o(i.adc_regular_data_read)
    adc_resolution_config                    0x08006991   Thumb Code    18  gd32f3x0_adc.o(i.adc_resolution_config)
    adc_software_trigger_enable              0x080069a9   Thumb Code    28  gd32f3x0_adc.o(i.adc_software_trigger_enable)
    adc_special_function_config              0x080069c9   Thumb Code    86  gd32f3x0_adc.o(i.adc_special_function_config)
    delay_1ms                                0x08006a25   Thumb Code    12  systick.o(i.delay_1ms)
    delay_decrement                          0x08006a35   Thumb Code    16  systick.o(i.delay_decrement)
    f_open_window                            0x08006a49   Thumb Code   154  elektronika.o(i.f_open_window)
    getModeTemperature                       0x08006aed   Thumb Code    40  elektronika.o(i.getModeTemperature)
    gpio_af_set                              0x08006b19   Thumb Code   100  gd32f3x0_gpio.o(i.gpio_af_set)
    gpio_mode_set                            0x08006b7d   Thumb Code    68  gd32f3x0_gpio.o(i.gpio_mode_set)
    gpio_output_options_set                  0x08006bc1   Thumb Code   112  gd32f3x0_gpio.o(i.gpio_output_options_set)
    gpio_output_port_get                     0x08006c31   Thumb Code     6  gd32f3x0_gpio.o(i.gpio_output_port_get)
    gpio_port_write                          0x08006c37   Thumb Code     4  gd32f3x0_gpio.o(i.gpio_port_write)
    i2c_ack_config                           0x08006c3b   Thumb Code    20  gd32f3x0_i2c.o(i.i2c_ack_config)
    i2c_ackpos_config                        0x08006c4f   Thumb Code    20  gd32f3x0_i2c.o(i.i2c_ackpos_config)
    i2c_clock_config                         0x08006c65   Thumb Code   240  gd32f3x0_i2c.o(i.i2c_clock_config)
    i2c_data_receive                         0x08006d61   Thumb Code     6  gd32f3x0_i2c.o(i.i2c_data_receive)
    i2c_enable                               0x08006d67   Thumb Code    10  gd32f3x0_i2c.o(i.i2c_enable)
    i2c_flag_clear                           0x08006d71   Thumb Code    34  gd32f3x0_i2c.o(i.i2c_flag_clear)
    i2c_flag_get                             0x08006d93   Thumb Code    22  gd32f3x0_i2c.o(i.i2c_flag_get)
    i2c_master_addressing                    0x08006da9   Thumb Code    18  gd32f3x0_i2c.o(i.i2c_master_addressing)
    i2c_mode_addr_config                     0x08006dbb   Thumb Code    22  gd32f3x0_i2c.o(i.i2c_mode_addr_config)
    i2c_start_on_bus                         0x08006dd1   Thumb Code    10  gd32f3x0_i2c.o(i.i2c_start_on_bus)
    i2c_stop_on_bus                          0x08006ddb   Thumb Code    10  gd32f3x0_i2c.o(i.i2c_stop_on_bus)
    isValidDate                              0x08006de5   Thumb Code    78  elektronika.o(i.isValidDate)
    loop                                     0x08006e35   Thumb Code  3754  elektronika.o(i.loop)
    main                                     0x08007cf1   Thumb Code    40  main.o(i.main)
    nvic_vector_table_set                    0x08007d19   Thumb Code    12  gd32f3x0_misc.o(i.nvic_vector_table_set)
    open_window_func                         0x08007d2d   Thumb Code   188  elektronika.o(i.open_window_func)
    rcu_adc_clock_config                     0x08007df5   Thumb Code   136  gd32f3x0_rcu.o(i.rcu_adc_clock_config)
    rcu_clock_freq_get                       0x08007e85   Thumb Code   404  gd32f3x0_rcu.o(i.rcu_clock_freq_get)
    rcu_periph_clock_enable                  0x08008041   Thumb Code    22  gd32f3x0_rcu.o(i.rcu_periph_clock_enable)
    rcu_periph_reset_disable                 0x0800805d   Thumb Code    22  gd32f3x0_rcu.o(i.rcu_periph_reset_disable)
    rcu_periph_reset_enable                  0x08008079   Thumb Code    22  gd32f3x0_rcu.o(i.rcu_periph_reset_enable)
    systick_config                           0x080080f9   Thumb Code    60  systick.o(i.systick_config)
    timer_auto_reload_shadow_enable          0x08008139   Thumb Code    10  gd32f3x0_timer.o(i.timer_auto_reload_shadow_enable)
    timer_channel_output_config              0x08008145   Thumb Code   476  gd32f3x0_timer.o(i.timer_channel_output_config)
    timer_channel_output_mode_config         0x08008331   Thumb Code    78  gd32f3x0_timer.o(i.timer_channel_output_mode_config)
    timer_channel_output_pulse_value_config  0x0800837f   Thumb Code    30  gd32f3x0_timer.o(i.timer_channel_output_pulse_value_config)
    timer_channel_output_shadow_config       0x0800839d   Thumb Code    78  gd32f3x0_timer.o(i.timer_channel_output_shadow_config)
    timer_deinit                             0x080083ed   Thumb Code   106  gd32f3x0_timer.o(i.timer_deinit)
    timer_enable                             0x08008461   Thumb Code    10  gd32f3x0_timer.o(i.timer_enable)
    timer_init                               0x0800846d   Thumb Code   136  gd32f3x0_timer.o(i.timer_init)
    timer_interrupt_flag_clear               0x0800850d   Thumb Code     6  gd32f3x0_timer.o(i.timer_interrupt_flag_clear)
    timer_interrupt_flag_get                 0x08008513   Thumb Code    20  gd32f3x0_timer.o(i.timer_interrupt_flag_get)
    timer_primary_output_config              0x08008527   Thumb Code    20  gd32f3x0_timer.o(i.timer_primary_output_config)
    xw09A_read_data                          0x0800853d   Thumb Code   180  elektronika.o(i.xw09A_read_data)
    __aeabi_d2f                              0x080085f9   Thumb Code     0  d2f.o(x$fpl$d2f)
    _d2f                                     0x080085f9   Thumb Code    98  d2f.o(x$fpl$d2f)
    __aeabi_dadd                             0x0800865d   Thumb Code     0  daddsub_clz.o(x$fpl$dadd)
    _dadd                                    0x0800865d   Thumb Code   332  daddsub_clz.o(x$fpl$dadd)
    __aeabi_ddiv                             0x080087ad   Thumb Code     0  ddiv.o(x$fpl$ddiv)
    _ddiv                                    0x080087ad   Thumb Code   552  ddiv.o(x$fpl$ddiv)
    __aeabi_ui2d                             0x08008a5d   Thumb Code     0  dflt_clz.o(x$fpl$dfltu)
    _dfltu                                   0x08008a5d   Thumb Code    38  dflt_clz.o(x$fpl$dfltu)
    __aeabi_dmul                             0x08008a85   Thumb Code     0  dmul.o(x$fpl$dmul)
    _dmul                                    0x08008a85   Thumb Code   332  dmul.o(x$fpl$dmul)
    __fpl_dnaninf                            0x08008bd9   Thumb Code   156  dnaninf.o(x$fpl$dnaninf)
    __fpl_dretinf                            0x08008c75   Thumb Code    12  dretinf.o(x$fpl$dretinf)
    __aeabi_dsub                             0x08008c81   Thumb Code     0  daddsub_clz.o(x$fpl$dsub)
    _dsub                                    0x08008c81   Thumb Code   464  daddsub_clz.o(x$fpl$dsub)
    __aeabi_f2d                              0x08008e55   Thumb Code     0  f2d.o(x$fpl$f2d)
    _f2d                                     0x08008e55   Thumb Code    86  f2d.o(x$fpl$f2d)
    __fpl_fnaninf                            0x08008eab   Thumb Code   140  fnaninf.o(x$fpl$fnaninf)
    _fp_init                                 0x08008f37   Thumb Code    10  fpinit.o(x$fpl$fpinit)
    __fplib_config_fpu_vfp                   0x08008f3f   Thumb Code     0  fpinit.o(x$fpl$fpinit)
    __fplib_config_pureend_doubles           0x08008f3f   Thumb Code     0  fpinit.o(x$fpl$fpinit)
    __fpl_fretinf                            0x08008f41   Thumb Code    10  fretinf.o(x$fpl$fretinf)
    _frnd                                    0x08008f4d   Thumb Code    96  frnd.o(x$fpl$frnd)
    __I$use$fp                               0x08008fac   Number         0  usenofp.o(x$fpl$usenofp)
    _monlen                                  0x08017808   Data          12  _monlen.o(.constdata)
    vtable for PixelsBase                    0x08017814   Data          52  pixels.o(.constdata__ZTV10PixelsBase)
    vtable for Pixels                        0x08017848   Data          52  elektronika.o(.constdata__ZTV6Pixels)
    Region$$Table$$Base                      0x080178b8   Number         0  anon$$obj.o(Region$$Table)
    Region$$Table$$Limit                     0x080178d8   Number         0  anon$$obj.o(Region$$Table)
    SHT$$INIT_ARRAY$$Base                    0x080178d8   Number         0  elektronika.o(.init_array)
    SHT$$INIT_ARRAY$$Limit                   0x080178dc   Number         0  init_aeabi.o(.init_array)
    uwtick                                   0x20000000   Data           4  systick.o(.data)
    version_menu                             0x20000008   Data           1  elektronika.o(.data)
    _currentPower                            0x20000009   Data           1  elektronika.o(.data)
    _eventTimer                              0x2000000a   Data           1  elektronika.o(.data)
    _error                                   0x2000000b   Data           1  elektronika.o(.data)
    _error_fl                                0x2000000c   Data           1  elektronika.o(.data)
    _blink                                   0x2000000d   Data           1  elektronika.o(.data)
    _stateBrightness                         0x2000000e   Data           1  elektronika.o(.data)
    power_limit                              0x2000000f   Data           1  elektronika.o(.data)
    open_window_counter                      0x20000010   Data           1  elektronika.o(.data)
    histeresis_low                           0x20000011   Data           1  elektronika.o(.data)
    histeresis_high                          0x20000012   Data           1  elektronika.o(.data)
    open_window_times                        0x20000013   Data           1  elektronika.o(.data)
    window_is_opened                         0x20000014   Data           1  elektronika.o(.data)
    window_was_opened                        0x20000015   Data           1  elektronika.o(.data)
    open_window_temp_main_start              0x20000017   Data           1  elektronika.o(.data)
    power_current                            0x20000018   Data           1  elektronika.o(.data)
    _backLight                               0x2000001a   Data           2  elektronika.o(.data)
    _backLight_div                           0x2000001c   Data           2  elektronika.o(.data)
    timer_time_set                           0x2000001e   Data           2  elektronika.o(.data)
    _xWifi                                   0x20000024   Data           2  elektronika.o(.data)
    raw                                      0x20000026   Data           2  elektronika.o(.data)
    result                                   0x20000028   Data           2  elektronika.o(.data)
    p_buffer                                 0x2000002a   Data           2  elektronika.o(.data)
    currentMenu                              0x2000002c   Data           4  elektronika.o(.data)
    idleTimeout                              0x20000030   Data           4  elektronika.o(.data)
    _timeoutSaveFlash                        0x20000034   Data           4  elektronika.o(.data)
    _timerBlink                              0x20000038   Data           4  elektronika.o(.data)
    _timerStart                              0x2000003c   Data           4  elektronika.o(.data)
    nextChangeLevel                          0x20000040   Data           4  elektronika.o(.data)
    refrash_time                             0x20000044   Data           4  elektronika.o(.data)
    old_set                                  0x20000050   Data           4  elektronika.o(.data)
    _calendarPresetName                      0x20000058   Data          32  elektronika.o(.data)
    SystemCoreClock                          0x20000478   Data           4  system_gd32f3x0.o(.data)
    _key_window                              0x2000049c   Data          28  elektronika.o(.bss)
    _key_power                               0x200004b8   Data          28  elektronika.o(.bss)
    _key_menu                                0x200004d4   Data          28  elektronika.o(.bss)
    _key_back                                0x200004f0   Data          28  elektronika.o(.bss)
    _key_down                                0x2000050c   Data          28  elektronika.o(.bss)
    _key_up                                  0x20000528   Data          28  elektronika.o(.bss)
    pxs                                      0x20000548   Data          56  elektronika.o(.bss)
    _dateTime                                0x200005c8   Data          44  elektronika.o(.bss)
    __libspace_start                         0x20000620   Data          96  libspace.o(.bss)
    __temporary_stack_top$libspace           0x20000680   Data           0  libspace.o(.bss)



==============================================================================

Memory Map of the image

  Image Entry point : 0x08000151

  Load Region LR_IROM1 (Base: 0x08000000, Size: 0x00017d58, Max: 0x00020000, ABSOLUTE, COMPRESSED[0x000179f8])

    Execution Region ER_IROM1 (Exec base: 0x08000000, Load base: 0x08000000, Size: 0x000178dc, Max: 0x00020000, ABSOLUTE)

    Exec Addr    Load Addr    Size         Type   Attr      Idx    E Section Name        Object

    0x08000000   0x08000000   0x00000150   Data   RO         1504    RESET               startup_gd32f3x0.o
    0x08000150   0x08000150   0x00000008   Code   RO         5234  * !!!main             c_w.l(__main.o)
    0x08000158   0x08000158   0x00000034   Code   RO         5839    !!!scatter          c_w.l(__scatter.o)
    0x0800018c   0x0800018c   0x0000005a   Code   RO         5837    !!dczerorl2         c_w.l(__dczerorl2.o)
    0x080001e6   0x080001e6   0x00000002   PAD
    0x080001e8   0x080001e8   0x0000001c   Code   RO         5841    !!handler_zi        c_w.l(__scatter_zi.o)
    0x08000204   0x08000204   0x00000000   Code   RO         5220    .ARM.Collect$$_printf_percent$$00000000  c_w.l(_printf_percent.o)
    0x08000204   0x08000204   0x00000006   Code   RO         5219    .ARM.Collect$$_printf_percent$$00000009  c_w.l(_printf_d.o)
    0x0800020a   0x0800020a   0x00000006   Code   RO         5218    .ARM.Collect$$_printf_percent$$00000014  c_w.l(_printf_s.o)
    0x08000210   0x08000210   0x00000004   Code   RO         5432    .ARM.Collect$$_printf_percent$$00000017  c_w.l(_printf_percent_end.o)
    0x08000214   0x08000214   0x00000002   Code   RO         5729    .ARM.Collect$$libinit$$00000000  c_w.l(libinit.o)
    0x08000216   0x08000216   0x00000004   Code   RO         5440    .ARM.Collect$$libinit$$00000001  c_w.l(libinit2.o)
    0x0800021a   0x0800021a   0x00000000   Code   RO         5443    .ARM.Collect$$libinit$$00000004  c_w.l(libinit2.o)
    0x0800021a   0x0800021a   0x00000008   Code   RO         5444    .ARM.Collect$$libinit$$00000005  c_w.l(libinit2.o)
    0x08000222   0x08000222   0x00000000   Code   RO         5446    .ARM.Collect$$libinit$$0000000A  c_w.l(libinit2.o)
    0x08000222   0x08000222   0x00000000   Code   RO         5448    .ARM.Collect$$libinit$$0000000C  c_w.l(libinit2.o)
    0x08000222   0x08000222   0x00000000   Code   RO         5450    .ARM.Collect$$libinit$$0000000E  c_w.l(libinit2.o)
    0x08000222   0x08000222   0x00000000   Code   RO         5453    .ARM.Collect$$libinit$$00000011  c_w.l(libinit2.o)
    0x08000222   0x08000222   0x00000000   Code   RO         5455    .ARM.Collect$$libinit$$00000013  c_w.l(libinit2.o)
    0x08000222   0x08000222   0x00000000   Code   RO         5457    .ARM.Collect$$libinit$$00000015  c_w.l(libinit2.o)
    0x08000222   0x08000222   0x00000000   Code   RO         5459    .ARM.Collect$$libinit$$00000017  c_w.l(libinit2.o)
    0x08000222   0x08000222   0x00000000   Code   RO         5461    .ARM.Collect$$libinit$$00000019  c_w.l(libinit2.o)
    0x08000222   0x08000222   0x00000000   Code   RO         5463    .ARM.Collect$$libinit$$0000001B  c_w.l(libinit2.o)
    0x08000222   0x08000222   0x00000000   Code   RO         5465    .ARM.Collect$$libinit$$0000001D  c_w.l(libinit2.o)
    0x08000222   0x08000222   0x00000000   Code   RO         5467    .ARM.Collect$$libinit$$0000001F  c_w.l(libinit2.o)
    0x08000222   0x08000222   0x00000000   Code   RO         5469    .ARM.Collect$$libinit$$00000021  c_w.l(libinit2.o)
    0x08000222   0x08000222   0x00000000   Code   RO         5471    .ARM.Collect$$libinit$$00000023  c_w.l(libinit2.o)
    0x08000222   0x08000222   0x00000000   Code   RO         5473    .ARM.Collect$$libinit$$00000025  c_w.l(libinit2.o)
    0x08000222   0x08000222   0x00000000   Code   RO         5477    .ARM.Collect$$libinit$$0000002C  c_w.l(libinit2.o)
    0x08000222   0x08000222   0x00000000   Code   RO         5479    .ARM.Collect$$libinit$$0000002E  c_w.l(libinit2.o)
    0x08000222   0x08000222   0x00000000   Code   RO         5481    .ARM.Collect$$libinit$$00000030  c_w.l(libinit2.o)
    0x08000222   0x08000222   0x00000004   Code   RO         5482    .ARM.Collect$$libinit$$00000031  c_w.l(libinit2.o)
    0x08000226   0x08000226   0x00000000   Code   RO         5483    .ARM.Collect$$libinit$$00000032  c_w.l(libinit2.o)
    0x08000226   0x08000226   0x00000002   Code   RO         5484    .ARM.Collect$$libinit$$00000033  c_w.l(libinit2.o)
    0x08000228   0x08000228   0x00000002   Code   RO         5800    .ARM.Collect$$libshutdown$$00000000  c_w.l(libshutdown.o)
    0x0800022a   0x0800022a   0x00000000   Code   RO         5802    .ARM.Collect$$libshutdown$$00000002  c_w.l(libshutdown2.o)
    0x0800022a   0x0800022a   0x00000000   Code   RO         5804    .ARM.Collect$$libshutdown$$00000004  c_w.l(libshutdown2.o)
    0x0800022a   0x0800022a   0x00000000   Code   RO         5807    .ARM.Collect$$libshutdown$$00000007  c_w.l(libshutdown2.o)
    0x0800022a   0x0800022a   0x00000000   Code   RO         5810    .ARM.Collect$$libshutdown$$0000000A  c_w.l(libshutdown2.o)
    0x0800022a   0x0800022a   0x00000000   Code   RO         5812    .ARM.Collect$$libshutdown$$0000000C  c_w.l(libshutdown2.o)
    0x0800022a   0x0800022a   0x00000000   Code   RO         5815    .ARM.Collect$$libshutdown$$0000000F  c_w.l(libshutdown2.o)
    0x0800022a   0x0800022a   0x00000002   Code   RO         5816    .ARM.Collect$$libshutdown$$00000010  c_w.l(libshutdown2.o)
    0x0800022c   0x0800022c   0x00000000   Code   RO         5421    .ARM.Collect$$rtentry$$00000000  c_w.l(__rtentry.o)
    0x0800022c   0x0800022c   0x00000000   Code   RO         5551    .ARM.Collect$$rtentry$$00000002  c_w.l(__rtentry2.o)
    0x0800022c   0x0800022c   0x00000006   Code   RO         5563    .ARM.Collect$$rtentry$$00000004  c_w.l(__rtentry4.o)
    0x08000232   0x08000232   0x00000000   Code   RO         5553    .ARM.Collect$$rtentry$$00000009  c_w.l(__rtentry2.o)
    0x08000232   0x08000232   0x00000004   Code   RO         5554    .ARM.Collect$$rtentry$$0000000A  c_w.l(__rtentry2.o)
    0x08000236   0x08000236   0x00000000   Code   RO         5556    .ARM.Collect$$rtentry$$0000000C  c_w.l(__rtentry2.o)
    0x08000236   0x08000236   0x00000008   Code   RO         5557    .ARM.Collect$$rtentry$$0000000D  c_w.l(__rtentry2.o)
    0x0800023e   0x0800023e   0x00000002   Code   RO         5747    .ARM.Collect$$rtexit$$00000000  c_w.l(rtexit.o)
    0x08000240   0x08000240   0x00000000   Code   RO         5774    .ARM.Collect$$rtexit$$00000002  c_w.l(rtexit2.o)
    0x08000240   0x08000240   0x00000004   Code   RO         5775    .ARM.Collect$$rtexit$$00000003  c_w.l(rtexit2.o)
    0x08000244   0x08000244   0x00000006   Code   RO         5776    .ARM.Collect$$rtexit$$00000004  c_w.l(rtexit2.o)
    0x0800024a   0x0800024a   0x00000002   PAD
    0x0800024c   0x0800024c   0x00000000   Code   RO         5751    .emb_text           c_w.l(maybetermalloc1.o)
    0x0800024c   0x0800024c   0x00000040   Code   RO         1505    .text               startup_gd32f3x0.o
    0x0800028c   0x0800028c   0x00000028   Code   RO         5188    .text               c_w.l(noretval__2sprintf.o)
    0x080002b4   0x080002b4   0x0000004e   Code   RO         5192    .text               c_w.l(_printf_pad.o)
    0x08000302   0x08000302   0x00000052   Code   RO         5194    .text               c_w.l(_printf_str.o)
    0x08000354   0x08000354   0x00000078   Code   RO         5196    .text               c_w.l(_printf_dec.o)
    0x080003cc   0x080003cc   0x00000138   Code   RO         5210    .text               c_w.l(__printf_flags_wp.o)
    0x08000504   0x08000504   0x0000003e   Code   RO         5221    .text               c_w.l(strlen.o)
    0x08000542   0x08000542   0x0000008a   Code   RO         5223    .text               c_w.l(rt_memcpy_v6.o)
    0x080005cc   0x080005cc   0x00000010   Code   RO         5225    .text               c_w.l(aeabi_memset.o)
    0x080005dc   0x080005dc   0x0000000c   Code   RO         5227    .text               c_w.l(localtime.o)
    0x080005e8   0x080005e8   0x000001ac   Code   RO         5230    .text               c_w.l(mktime.o)
    0x08000794   0x08000794   0x00000006   Code   RO         5232    .text               c_w.l(heapauxi.o)
    0x0800079a   0x0800079a   0x00000002   PAD
    0x0800079c   0x0800079c   0x00000024   Code   RO         5239    .text               c_w.l(init_aeabi.o)
    0x080007c0   0x080007c0   0x00000016   Code   RO         5422    .text               c_w.l(_rserrno.o)
    0x080007d6   0x080007d6   0x000000b2   Code   RO         5424    .text               c_w.l(_printf_intcommon.o)
    0x08000888   0x08000888   0x00000030   Code   RO         5426    .text               c_w.l(_printf_char_common.o)
    0x080008b8   0x080008b8   0x0000000a   Code   RO         5428    .text               c_w.l(_sputc.o)
    0x080008c2   0x080008c2   0x0000002c   Code   RO         5430    .text               c_w.l(_printf_char.o)
    0x080008ee   0x080008ee   0x00000064   Code   RO         5433    .text               c_w.l(rt_memcpy_w.o)
    0x08000952   0x08000952   0x00000044   Code   RO         5435    .text               c_w.l(rt_memclr.o)
    0x08000996   0x08000996   0x00000002   PAD
    0x08000998   0x08000998   0x000000b8   Code   RO         5438    .text               c_w.l(localtime_internal.o)
    0x08000a50   0x08000a50   0x00000008   Code   RO         5568    .text               c_w.l(rt_new_handler_addr_intlibspace.o)
    0x08000a58   0x08000a58   0x00000008   Code   RO         5573    .text               c_w.l(rt_errno_addr_intlibspace.o)
    0x08000a60   0x08000a60   0x0000005e   Code   RO         5579    .text               c_w.l(h1_alloc.o)
    0x08000abe   0x08000abe   0x0000004e   Code   RO         5581    .text               c_w.l(h1_free.o)
    0x08000b0c   0x08000b0c   0x0000004e   Code   RO         5639    .text               c_w.l(rt_memclr_w.o)
    0x08000b5a   0x08000b5a   0x00000004   Code   RO         5646    .text               cpprt_w.l(arm_newhandler_noexceptions.o)
    0x08000b5e   0x08000b5e   0x0000001a   Code   RO         5666    .text               cpprt_w.l(arm_exceptions_terminate.o)
    0x08000b78   0x08000b78   0x00000050   Code   RO         5669    .text               cpprt_w.l(arm_exceptions_globs.o)
    0x08000bc8   0x08000bc8   0x00000008   Code   RO         5677    .text               c_w.l(libspace.o)
    0x08000bd0   0x08000bd0   0x0000004a   Code   RO         5682    .text               c_w.l(sys_stackheap_outer.o)
    0x08000c1a   0x08000c1a   0x00000002   PAD
    0x08000c1c   0x08000c1c   0x00000008   Code   RO         5687    .text               c_w.l(rt_heap_descriptor_intlibspace.o)
    0x08000c24   0x08000c24   0x00000008   Code   RO         5692    .text               c_w.l(rt_eh_globals_addr_intlibspace.o)
    0x08000c2c   0x08000c2c   0x00000004   Code   RO         5694    .text               c_w.l(hguard.o)
    0x08000c30   0x08000c30   0x0000008a   Code   RO         5696    .text               c_w.l(init_alloc.o)
    0x08000cba   0x08000cba   0x0000000e   Code   RO         5700    .text               c_w.l(h1_init.o)
    0x08000cc8   0x08000cc8   0x00000012   Code   RO         5714    .text               c_w.l(exit.o)
    0x08000cda   0x08000cda   0x00000016   Code   RO         5716    .text               c_w.l(abort.o)
    0x08000cf0   0x08000cf0   0x0000003c   Code   RO         5733    .text               cpprt_w.l(arm_exceptions_mem.o)
    0x08000d2c   0x08000d2c   0x0000000c   Code   RO         5745    .text               c_w.l(sys_exit.o)
    0x08000d38   0x08000d38   0x00000034   Code   RO         5753    .text               c_w.l(h1_extend.o)
    0x08000d6c   0x08000d6c   0x0000000e   Code   RO         5759    .text               c_w.l(defsig_abrt_outer.o)
    0x08000d7a   0x08000d7a   0x0000000e   Code   RO         5763    .text               c_w.l(defsig_rtmem_outer.o)
    0x08000d88   0x08000d88   0x00000002   Code   RO         5770    .text               c_w.l(use_no_semi.o)
    0x08000d8a   0x08000d8a   0x00000000   Code   RO         5772    .text               c_w.l(indicate_semi.o)
    0x08000d8a   0x08000d8a   0x0000000a   Code   RO         5784    .text               c_w.l(defsig_exit.o)
    0x08000d94   0x08000d94   0x00000030   Code   RO         5786    .text               c_w.l(defsig_abrt_inner.o)
    0x08000dc4   0x08000dc4   0x00000050   Code   RO         5788    .text               c_w.l(defsig_rtmem_inner.o)
    0x08000e14   0x08000e14   0x00000032   Code   RO         5796    .text               c_w.l(defsig_general.o)
    0x08000e46   0x08000e46   0x0000000e   Code   RO         5817    .text               c_w.l(sys_wrch.o)
    0x08000e54   0x08000e54   0x000003bc   Code   RO          865    i.AcceptParameter   elektronika.o
    0x08001210   0x08001210   0x00000002   Code   RO            3    i.BusFault_Handler  gd32f3x0_it.o
    0x08001212   0x08001212   0x00000002   PAD
    0x08001214   0x08001214   0x00000028   Code   RO          866    i.CustomNext        elektronika.o
    0x0800123c   0x0800123c   0x00000028   Code   RO          867    i.CustomPrev        elektronika.o
    0x08001264   0x08001264   0x0000006c   Code   RO          868    i.DateMinus         elektronika.o
    0x080012d0   0x080012d0   0x0000005c   Code   RO          869    i.DatePlus          elektronika.o
    0x0800132c   0x0800132c   0x00000002   Code   RO            4    i.DebugMon_Handler  gd32f3x0_it.o
    0x0800132e   0x0800132e   0x00000002   PAD
    0x08001330   0x08001330   0x00001430   Code   RO          870    i.DrawEditParameter  elektronika.o
    0x08002760   0x08002760   0x000004e4   Code   RO          871    i.DrawMainScreen    elektronika.o
    0x08002c44   0x08002c44   0x0000044c   Code   RO          872    i.DrawMenu          elektronika.o
    0x08003090   0x08003090   0x00000140   Code   RO          873    i.DrawMenuText      elektronika.o
    0x080031d0   0x080031d0   0x00000060   Code   RO          874    i.DrawMenuTitle     elektronika.o
    0x08003230   0x08003230   0x0000005c   Code   RO          875    i.DrawMenuTitle2    elektronika.o
    0x0800328c   0x0800328c   0x000000a4   Code   RO          876    i.DrawTemperature   elektronika.o
    0x08003330   0x08003330   0x0000012c   Code   RO          877    i.DrawTextAligment  elektronika.o
    0x0800345c   0x0800345c   0x00000114   Code   RO          878    i.DrawTextSelected  elektronika.o
    0x08003570   0x08003570   0x00000050   Code   RO          879    i.DrawWindowOpen    elektronika.o
    0x080035c0   0x080035c0   0x0000000c   Code   RO          398    i.GetSystemTick     systick.o
    0x080035cc   0x080035cc   0x00000002   Code   RO            5    i.HardFault_Handler  gd32f3x0_it.o
    0x080035ce   0x080035ce   0x00000002   Code   RO            6    i.MemManage_Handler  gd32f3x0_it.o
    0x080035d0   0x080035d0   0x00000058   Code   RO          881    i.MenuBack          elektronika.o
    0x08003628   0x08003628   0x00000002   Code   RO            7    i.NMI_Handler       gd32f3x0_it.o
    0x0800362a   0x0800362a   0x00000020   Code   RO          399    i.NVIC_SetPriority  systick.o
    0x0800364a   0x0800364a   0x00000002   PAD
    0x0800364c   0x0800364c   0x00000018   Code   RO          882    i.Off               elektronika.o
    0x08003664   0x08003664   0x00000018   Code   RO          883    i.On                elektronika.o
    0x0800367c   0x0800367c   0x00000002   Code   RO            8    i.PendSV_Handler    gd32f3x0_it.o
    0x0800367e   0x0800367e   0x00000002   PAD
    0x08003680   0x08003680   0x00000104   Code   RO          884    i.PrepareEditParameter  elektronika.o
    0x08003784   0x08003784   0x00000084   Code   RO          885    i.ResetAllSettings  elektronika.o
    0x08003808   0x08003808   0x00000002   Code   RO            9    i.SVC_Handler       gd32f3x0_it.o
    0x0800380a   0x0800380a   0x0000000e   Code   RO           10    i.SysTick_Handler   gd32f3x0_it.o
    0x08003818   0x08003818   0x00000148   Code   RO         1464    i.SystemInit        system_gd32f3x0.o
    0x08003960   0x08003960   0x00000010   Code   RO          401    i.SystemTickInc     systick.o
    0x08003970   0x08003970   0x00000028   Code   RO           11    i.TIMER13_IRQHandler  gd32f3x0_it.o
    0x08003998   0x08003998   0x00000002   Code   RO          172    i.TIMER_Heat_callback  main.o
    0x0800399a   0x0800399a   0x00000002   PAD
    0x0800399c   0x0800399c   0x00000020   Code   RO          886    i.TempMinus         elektronika.o
    0x080039bc   0x080039bc   0x00000020   Code   RO          887    i.TempPlus          elektronika.o
    0x080039dc   0x080039dc   0x00000060   Code   RO          888    i.TimeMinus         elektronika.o
    0x08003a3c   0x08003a3c   0x0000005c   Code   RO          889    i.TimePlus          elektronika.o
    0x08003a98   0x08003a98   0x00000002   Code   RO           12    i.UsageFault_Handler  gd32f3x0_it.o
    0x08003a9a   0x08003a9a   0x00000002   PAD
    0x08003a9c   0x08003a9c   0x00000014   Code   RO          890    i._Z10MainScreenv   elektronika.o
    0x08003ab0   0x08003ab0   0x0000005c   Code   RO          174    i._Z10adc_configv   main.o
    0x08003b0c   0x08003b0c   0x00000034   Code   RO          175    i._Z10i2c_configv   main.o
    0x08003b40   0x08003b40   0x000000bc   Code   RO          891    i._Z10keyPressedv   elektronika.o
    0x08003bfc   0x08003bfc   0x00000054   Code   RO          176    i._Z10rcu_configv   main.o
    0x08003c50   0x08003c50   0x00000024   Code   RO          476    i._Z11crc32_1bytePKvij  crc32.o
    0x08003c74   0x08003c74   0x000000e0   Code   RO          177    i._Z11gpio_configv  main.o
    0x08003d54   0x08003d54   0x00000394   Code   RO          892    i._Z11startScreenv  elektronika.o
    0x080040e8   0x080040e8   0x0000028c   Code   RO          893    i._Z12DrawDateEditv  elektronika.o
    0x08004374   0x08004374   0x00000250   Code   RO          894    i._Z12DrawTimeEditv  elektronika.o
    0x080045c4   0x080045c4   0x00000124   Code   RO          895    i._Z13DrawCustomDayi  elektronika.o
    0x080046e8   0x080046e8   0x0000002c   Code   RO          896    i._Z13DrawLeftRighti  elektronika.o
    0x08004714   0x08004714   0x0000019c   Code   RO          897    i._Z14getTemperaturev  elektronika.o
    0x080048b0   0x080048b0   0x00000020   Code   RO          899    i._Z16NVIC_SystemResetv  elektronika.o
    0x080048d0   0x080048d0   0x00000090   Code   RO          182    i._Z17pwm_config_lcd_blv  main.o
    0x08004960   0x08004960   0x000000bc   Code   RO          900    i._Z4GoOKv          elektronika.o
    0x08004a1c   0x08004a1c   0x00000078   Code   RO          902    i._Z6MenuOKv        elektronika.o
    0x08004a94   0x08004a94   0x00000026   Code   RO          903    i._Z6isLeapi        elektronika.o
    0x08004aba   0x08004aba   0x00000002   PAD
    0x08004abc   0x08004abc   0x000000bc   Code   RO          904    i._Z7blockedv       elektronika.o
    0x08004b78   0x08004b78   0x00000064   Code   RO          905    i._Z8MenuNextv      elektronika.o
    0x08004bdc   0x08004bdc   0x00000068   Code   RO          906    i._Z8MenuPrevv      elektronika.o
    0x08004c44   0x08004c44   0x000000a0   Code   RO          907    i._Z8SetPowera      elektronika.o
    0x08004ce4   0x08004ce4   0x00000038   Code   RO          908    i._Z8deviceONv      elektronika.o
    0x08004d1c   0x08004d1c   0x00000018   Code   RO          909    i._Z9EnterMenuv     elektronika.o
    0x08004d34   0x08004d34   0x00000044   Code   RO          911    i._Z9deviceOFFv     elektronika.o
    0x08004d78   0x08004d78   0x000000bc   Code   RO          912    i._Z9unblockedv     elektronika.o
    0x08004e34   0x08004e34   0x00000600   Code   RO          512    i._ZN10PixelsBase11printStringEssPcbPa  pixels.o
    0x08005434   0x08005434   0x0000006a   Code   RO          515    i._ZN10PixelsBase12computeColorE3RGBh  pixels.o
    0x0800549e   0x0800549e   0x000000b0   Code   RO          516    i._ZN10PixelsBase12getTextWidthEPcPa  pixels.o
    0x0800554e   0x0800554e   0x00000050   Code   RO          517    i._ZN10PixelsBase13drawRectangleEssss  pixels.o
    0x0800559e   0x0800559e   0x00000032   Code   RO          518    i._ZN10PixelsBase13fillRectangleEssss  pixels.o
    0x080055d0   0x080055d0   0x00000012   Code   RO         1325    i._ZN10PixelsBase13setBackgroundE3RGB  elektronika.o
    0x080055e2   0x080055e2   0x00000034   Code   RO          519    i._ZN10PixelsBase14setOrientationEh  pixels.o
    0x08005616   0x08005616   0x00000002   Code   RO          783    i._ZN10PixelsBase15deviceWriteDataEhh  pixels.o
    0x08005618   0x08005618   0x0000001a   Code   RO          521    i._ZN10PixelsBase15setCurrentPixelE3RGB  pixels.o
    0x08005632   0x08005632   0x0000000c   Code   RO          522    i._ZN10PixelsBase15setCurrentPixelEs  pixels.o
    0x0800563e   0x0800563e   0x0000000a   Code   RO          523    i._ZN10PixelsBase17getTextLineHeightEv  pixels.o
    0x08005648   0x08005648   0x000002d8   Code   RO          525    i._ZN10PixelsBase20drawCompressedBitmapEssPKh  pixels.o
    0x08005920   0x08005920   0x0000007c   Code   RO          526    i._ZN10PixelsBase20sizeCompressedBitmapERsS0_PKh  pixels.o
    0x0800599c   0x0800599c   0x0000016c   Code   RO          530    i._ZN10PixelsBase4fillEissss  pixels.o
    0x08005b08   0x08005b08   0x0000003c   Code   RO          531    i._ZN10PixelsBase5clearEv  pixels.o
    0x08005b44   0x08005b44   0x00000020   Code   RO          532    i._ZN10PixelsBase5hLineEsss  pixels.o
    0x08005b64   0x08005b64   0x00000010   Code   RO          533    i._ZN10PixelsBase5printEssPcPa  pixels.o
    0x08005b74   0x08005b74   0x00000020   Code   RO          534    i._ZN10PixelsBase5vLineEsss  pixels.o
    0x08005b94   0x08005b94   0x00000028   Code   RO          535    i._ZN10PixelsBase7setFontEPKh  pixels.o
    0x08005bbc   0x08005bbc   0x00000010   Code   RO          759    i._ZN10PixelsBase8setColorE3RGB  pixels.o
    0x08005bcc   0x08005bcc   0x00000020   Code   RO          765    i._ZN10PixelsBase8setColorEhhh  pixels.o
    0x08005bec   0x08005bec   0x00000098   Code   RO          540    i._ZN10PixelsBase9drawPixelEss  pixels.o
    0x08005c84   0x08005c84   0x00000002   Code   RO          777    i._ZN10PixelsBase9quickFillEissss  pixels.o
    0x08005c86   0x08005c86   0x00000002   Code   RO          771    i._ZN10PixelsBase9setRegionEssss  pixels.o
    0x08005c88   0x08005c88   0x00000088   Code   RO          541    i._ZN10PixelsBaseC1Ett  pixels.o
    0x08005d10   0x08005d10   0x00000018   Code   RO         1349    i._ZN11ClickButton10getPressedEv  elektronika.o
    0x08005d28   0x08005d28   0x00000018   Code   RO         1355    i._ZN11ClickButton14getLongPressedEv  elektronika.o
    0x08005d40   0x08005d40   0x000000b0   Code   RO         1313    i._ZN11ClickButton6updateEv  elektronika.o
    0x08005df0   0x08005df0   0x0000000e   Code   RO         1361    i._ZN11ClickButton8durationEv  elektronika.o
    0x08005dfe   0x08005dfe   0x0000001e   Code   RO         1319    i._ZN11ClickButtonC1Ehtb  elektronika.o
    0x08005e1c   0x08005e1c   0x00000016   Code   RO          542    i._ZN3RGB12convertTo565Ev  pixels.o
    0x08005e32   0x08005e32   0x00000008   Code   RO          545    i._ZN3RGBC1Ehhh     pixels.o
    0x08005e3a   0x08005e3a   0x00000002   PAD
    0x08005e3c   0x08005e3c   0x00000038   Code   RO          913    i._ZN4PPI813initInterfaceEv  elektronika.o
    0x08005e74   0x08005e74   0x00000034   Code   RO         1331    i._ZN4PPI88writeCmdEh  elektronika.o
    0x08005ea8   0x08005ea8   0x00000034   Code   RO         1367    i._ZN4PPI89writeDataEh  elektronika.o
    0x08005edc   0x08005edc   0x00000014   Code   RO         1337    i._ZN6Pixels10displayOffEv  elektronika.o
    0x08005ef0   0x08005ef0   0x00000016   Code   RO          914    i._ZN6Pixels15deviceWriteDataEhh  elektronika.o
    0x08005f06   0x08005f06   0x00000002   PAD
    0x08005f08   0x08005f08   0x00000290   Code   RO          916    i._ZN6Pixels4initEv  elektronika.o
    0x08006198   0x08006198   0x00000014   Code   RO         1343    i._ZN6Pixels9displayOnEv  elektronika.o
    0x080061ac   0x080061ac   0x000001cc   Code   RO          917    i._ZN6Pixels9quickFillEissss  elektronika.o
    0x08006378   0x08006378   0x000000e6   Code   RO          919    i._ZN6Pixels9setRegionEssss  elektronika.o
    0x0800645e   0x0800645e   0x00000030   Code   RO          753    i._ZN9BitStream10readNumberEv  pixels.o
    0x0800648e   0x0800648e   0x0000001e   Code   RO          819    i._ZN9BitStream7readBitEv  pixels.o
    0x080064ac   0x080064ac   0x00000058   Code   RO          747    i._ZN9BitStream8readBitsEh  pixels.o
    0x08006504   0x08006504   0x00000008   Code   RO         5242    i._ZdaPv            cpprt_w.l(array_del.o)
    0x0800650c   0x0800650c   0x00000008   Code   RO         5485    i._ZdlPv            cpprt_w.l(delete.o)
    0x08006514   0x08006514   0x00000008   Code   RO         5245    i._Znaj             cpprt_w.l(array_new.o)
    0x0800651c   0x0800651c   0x00000028   Code   RO         5488    i._Znwj             cpprt_w.l(new.o)
    0x08006544   0x08006544   0x0000016c   Code   RO         5391    i.__hardfp_logf     m_wm.l(logf.o)
    0x080066b0   0x080066b0   0x00000010   Code   RO         5417    i.__hardfp_rintf    m_wm.l(rintf.o)
    0x080066c0   0x080066c0   0x00000014   Code   RO         5536    i.__mathlib_flt_divzero  m_wm.l(funder.o)
    0x080066d4   0x080066d4   0x00000006   Code   RO         5537    i.__mathlib_flt_infnan  m_wm.l(funder.o)
    0x080066da   0x080066da   0x00000002   PAD
    0x080066dc   0x080066dc   0x00000010   Code   RO         5539    i.__mathlib_flt_invalid  m_wm.l(funder.o)
    0x080066ec   0x080066ec   0x000000f4   Code   RO          920    i.__sti___13_elektronika_c_0cbfb59a  elektronika.o
    0x080067e0   0x080067e0   0x0000000e   Code   RO         5208    i._is_digit         c_w.l(__printf_wp.o)
    0x080067ee   0x080067ee   0x00000002   PAD
    0x080067f0   0x080067f0   0x00000024   Code   RO         1511    i.adc_calibration_enable  gd32f3x0_adc.o
    0x08006814   0x08006814   0x0000003c   Code   RO         1512    i.adc_channel_length_config  gd32f3x0_adc.o
    0x08006850   0x08006850   0x0000001c   Code   RO         1513    i.adc_data_alignment_config  gd32f3x0_adc.o
    0x0800686c   0x0800686c   0x00000018   Code   RO         1519    i.adc_enable        gd32f3x0_adc.o
    0x08006884   0x08006884   0x0000003c   Code   RO         1520    i.adc_external_trigger_config  gd32f3x0_adc.o
    0x080068c0   0x080068c0   0x00000028   Code   RO         1521    i.adc_external_trigger_source_config  gd32f3x0_adc.o
    0x080068e8   0x080068e8   0x00000010   Code   RO         1522    i.adc_flag_clear    gd32f3x0_adc.o
    0x080068f8   0x080068f8   0x00000014   Code   RO         1523    i.adc_flag_get      gd32f3x0_adc.o
    0x0800690c   0x0800690c   0x00000078   Code   RO         1534    i.adc_regular_channel_config  gd32f3x0_adc.o
    0x08006984   0x08006984   0x0000000c   Code   RO         1535    i.adc_regular_data_read  gd32f3x0_adc.o
    0x08006990   0x08006990   0x00000018   Code   RO         1536    i.adc_resolution_config  gd32f3x0_adc.o
    0x080069a8   0x080069a8   0x00000020   Code   RO         1537    i.adc_software_trigger_enable  gd32f3x0_adc.o
    0x080069c8   0x080069c8   0x0000005c   Code   RO         1538    i.adc_special_function_config  gd32f3x0_adc.o
    0x08006a24   0x08006a24   0x00000010   Code   RO          402    i.delay_1ms         systick.o
    0x08006a34   0x08006a34   0x00000014   Code   RO          404    i.delay_decrement   systick.o
    0x08006a48   0x08006a48   0x000000a4   Code   RO          921    i.f_open_window     elektronika.o
    0x08006aec   0x08006aec   0x0000002c   Code   RO          922    i.getModeTemperature  elektronika.o
    0x08006b18   0x08006b18   0x00000064   Code   RO         2705    i.gpio_af_set       gd32f3x0_gpio.o
    0x08006b7c   0x08006b7c   0x00000044   Code   RO         2713    i.gpio_mode_set     gd32f3x0_gpio.o
    0x08006bc0   0x08006bc0   0x00000070   Code   RO         2715    i.gpio_output_options_set  gd32f3x0_gpio.o
    0x08006c30   0x08006c30   0x00000006   Code   RO         2716    i.gpio_output_port_get  gd32f3x0_gpio.o
    0x08006c36   0x08006c36   0x00000004   Code   RO         2719    i.gpio_port_write   gd32f3x0_gpio.o
    0x08006c3a   0x08006c3a   0x00000014   Code   RO         2812    i.i2c_ack_config    gd32f3x0_i2c.o
    0x08006c4e   0x08006c4e   0x00000014   Code   RO         2813    i.i2c_ackpos_config  gd32f3x0_i2c.o
    0x08006c62   0x08006c62   0x00000002   PAD
    0x08006c64   0x08006c64   0x000000fc   Code   RO         2814    i.i2c_clock_config  gd32f3x0_i2c.o
    0x08006d60   0x08006d60   0x00000006   Code   RO         2815    i.i2c_data_receive  gd32f3x0_i2c.o
    0x08006d66   0x08006d66   0x0000000a   Code   RO         2823    i.i2c_enable        gd32f3x0_i2c.o
    0x08006d70   0x08006d70   0x00000022   Code   RO         2824    i.i2c_flag_clear    gd32f3x0_i2c.o
    0x08006d92   0x08006d92   0x00000016   Code   RO         2825    i.i2c_flag_get      gd32f3x0_i2c.o
    0x08006da8   0x08006da8   0x00000012   Code   RO         2830    i.i2c_master_addressing  gd32f3x0_i2c.o
    0x08006dba   0x08006dba   0x00000016   Code   RO         2831    i.i2c_mode_addr_config  gd32f3x0_i2c.o
    0x08006dd0   0x08006dd0   0x0000000a   Code   RO         2840    i.i2c_start_on_bus  gd32f3x0_i2c.o
    0x08006dda   0x08006dda   0x0000000a   Code   RO         2841    i.i2c_stop_on_bus   gd32f3x0_i2c.o
    0x08006de4   0x08006de4   0x0000004e   Code   RO          923    i.isValidDate       elektronika.o
    0x08006e32   0x08006e32   0x00000002   PAD
    0x08006e34   0x08006e34   0x00000ebc   Code   RO          924    i.loop              elektronika.o
    0x08007cf0   0x08007cf0   0x00000028   Code   RO          186    i.main              main.o
    0x08007d18   0x08007d18   0x00000014   Code   RO         3018    i.nvic_vector_table_set  gd32f3x0_misc.o
    0x08007d2c   0x08007d2c   0x000000c8   Code   RO          925    i.open_window_func  elektronika.o
    0x08007df4   0x08007df4   0x00000090   Code   RO         3206    i.rcu_adc_clock_config  gd32f3x0_rcu.o
    0x08007e84   0x08007e84   0x000001bc   Code   RO         3216    i.rcu_clock_freq_get  gd32f3x0_rcu.o
    0x08008040   0x08008040   0x0000001c   Code   RO         3236    i.rcu_periph_clock_enable  gd32f3x0_rcu.o
    0x0800805c   0x0800805c   0x0000001c   Code   RO         3239    i.rcu_periph_reset_disable  gd32f3x0_rcu.o
    0x08008078   0x08008078   0x0000001c   Code   RO         3240    i.rcu_periph_reset_enable  gd32f3x0_rcu.o
    0x08008094   0x08008094   0x00000064   Code   RO         1465    i.system_clock_84m_irc8m  system_gd32f3x0.o
    0x080080f8   0x080080f8   0x00000040   Code   RO          405    i.systick_config    systick.o
    0x08008138   0x08008138   0x0000000a   Code   RO         3998    i.timer_auto_reload_shadow_enable  gd32f3x0_timer.o
    0x08008142   0x08008142   0x00000002   PAD
    0x08008144   0x08008144   0x000001ec   Code   RO         4015    i.timer_channel_output_config  gd32f3x0_timer.o
    0x08008330   0x08008330   0x0000004e   Code   RO         4017    i.timer_channel_output_mode_config  gd32f3x0_timer.o
    0x0800837e   0x0800837e   0x0000001e   Code   RO         4019    i.timer_channel_output_pulse_value_config  gd32f3x0_timer.o
    0x0800839c   0x0800839c   0x0000004e   Code   RO         4020    i.timer_channel_output_shadow_config  gd32f3x0_timer.o
    0x080083ea   0x080083ea   0x00000002   PAD
    0x080083ec   0x080083ec   0x00000074   Code   RO         4029    i.timer_deinit      gd32f3x0_timer.o
    0x08008460   0x08008460   0x0000000a   Code   RO         4034    i.timer_enable      gd32f3x0_timer.o
    0x0800846a   0x0800846a   0x00000002   PAD
    0x0800846c   0x0800846c   0x000000a0   Code   RO         4044    i.timer_init        gd32f3x0_timer.o
    0x0800850c   0x0800850c   0x00000006   Code   RO         4052    i.timer_interrupt_flag_clear  gd32f3x0_timer.o
    0x08008512   0x08008512   0x00000014   Code   RO         4053    i.timer_interrupt_flag_get  gd32f3x0_timer.o
    0x08008526   0x08008526   0x00000014   Code   RO         4060    i.timer_primary_output_config  gd32f3x0_timer.o
    0x0800853a   0x0800853a   0x00000002   PAD
    0x0800853c   0x0800853c   0x000000bc   Code   RO          927    i.xw09A_read_data   elektronika.o
    0x080085f8   0x080085f8   0x00000062   Code   RO         5355    x$fpl$d2f           fz_wm.l(d2f.o)
    0x0800865a   0x0800865a   0x00000002   PAD
    0x0800865c   0x0800865c   0x00000150   Code   RO         5357    x$fpl$dadd          fz_wm.l(daddsub_clz.o)
    0x080087ac   0x080087ac   0x000002b0   Code   RO         5364    x$fpl$ddiv          fz_wm.l(ddiv.o)
    0x08008a5c   0x08008a5c   0x00000026   Code   RO         5377    x$fpl$dfltu         fz_wm.l(dflt_clz.o)
    0x08008a82   0x08008a82   0x00000002   PAD
    0x08008a84   0x08008a84   0x00000154   Code   RO         5385    x$fpl$dmul          fz_wm.l(dmul.o)
    0x08008bd8   0x08008bd8   0x0000009c   Code   RO         5523    x$fpl$dnaninf       fz_wm.l(dnaninf.o)
    0x08008c74   0x08008c74   0x0000000c   Code   RO         5525    x$fpl$dretinf       fz_wm.l(dretinf.o)
    0x08008c80   0x08008c80   0x000001d4   Code   RO         5359    x$fpl$dsub          fz_wm.l(daddsub_clz.o)
    0x08008e54   0x08008e54   0x00000056   Code   RO         5389    x$fpl$f2d           fz_wm.l(f2d.o)
    0x08008eaa   0x08008eaa   0x0000008c   Code   RO         5529    x$fpl$fnaninf       fz_wm.l(fnaninf.o)
    0x08008f36   0x08008f36   0x0000000a   Code   RO         5675    x$fpl$fpinit        fz_wm.l(fpinit.o)
    0x08008f40   0x08008f40   0x0000000a   Code   RO         5531    x$fpl$fretinf       fz_wm.l(fretinf.o)
    0x08008f4a   0x08008f4a   0x00000002   PAD
    0x08008f4c   0x08008f4c   0x00000060   Code   RO         5533    x$fpl$frnd          fz_wm.l(frnd.o)
    0x08008fac   0x08008fac   0x00000000   Code   RO         5535    x$fpl$usenofp       fz_wm.l(usenofp.o)
    0x08008fac   0x08008fac   0x00000400   Data   RO          478    .constdata          crc32.o
    0x080093ac   0x080093ac   0x0000e409   Data   RO          992    .constdata          elektronika.o
    0x080177b5   0x080177b5   0x00000011   Data   RO         5211    .constdata          c_w.l(__printf_flags_wp.o)
    0x080177c6   0x080177c6   0x00000002   PAD
    0x080177c8   0x080177c8   0x00000040   Data   RO         5394    .constdata          m_wm.l(logf.o)
    0x08017808   0x08017808   0x0000000c   Data   RO         5437    .constdata          c_w.l(_monlen.o)
    0x08017814   0x08017814   0x00000034   Data   RO          746    .constdata__ZTV10PixelsBase  pixels.o
    0x08017848   0x08017848   0x00000034   Data   RO         1312    .constdata__ZTV6Pixels  elektronika.o
    0x0801787c   0x0801787c   0x0000003b   Data   RO          993    .conststring        elektronika.o
    0x080178b7   0x080178b7   0x00000001   PAD
    0x080178b8   0x080178b8   0x00000020   Data   RO         5835    Region$$Table       anon$$obj.o
    0x080178d8   0x080178d8   0x00000004   Data   RO         1003    .init_array         elektronika.o
    0x080178dc   0x080178d8   0x00000000   Data   RO         5237    .init_array         c_w.l(init_aeabi.o)


    Execution Region RW_IRAM1 (Exec base: 0x20000000, Load base: 0x080178dc, Size: 0x00002080, Max: 0x00004000, ABSOLUTE, COMPRESSED[0x0000011c])

    Exec Addr    Load Addr    Size         Type   Attr      Idx    E Section Name        Object

    0x20000000   COMPRESSED   0x00000008   Data   RW          406    .data               systick.o
    0x20000008   COMPRESSED   0x000002f0   Data   RW          994    .data               elektronika.o
    0x200002f8   COMPRESSED   0x00000060   Data   RW          995    .data               elektronika.o
    0x20000358   COMPRESSED   0x00000020   Data   RW          996    .data               elektronika.o
    0x20000378   COMPRESSED   0x00000040   Data   RW          997    .data               elektronika.o
    0x200003b8   COMPRESSED   0x00000040   Data   RW          998    .data               elektronika.o
    0x200003f8   COMPRESSED   0x00000040   Data   RW          999    .data               elektronika.o
    0x20000438   COMPRESSED   0x00000040   Data   RW         1000    .data               elektronika.o
    0x20000478   COMPRESSED   0x00000004   Data   RW         1466    .data               system_gd32f3x0.o
    0x2000047c   COMPRESSED   0x00000004   PAD
    0x20000480        -       0x00000174   Zero   RW          991    .bss                elektronika.o
    0x200005f4        -       0x0000002c   Zero   RW         5228    .bss                c_w.l(localtime.o)
    0x20000620        -       0x00000060   Zero   RW         5678    .bss                c_w.l(libspace.o)
    0x20000680        -       0x00001600   Zero   RW         1503    HEAP                startup_gd32f3x0.o
    0x20001c80        -       0x00000400   Zero   RW         1502    STACK               startup_gd32f3x0.o


==============================================================================

Image component sizes


      Code (inc. data)   RO Data    RW Data    ZI Data      Debug   Object Name

        36          4       1024          0          0       3342   crc32.o
     21790       2056      58492       1136        372     105095   elektronika.o
       564         68          0          0          0       9114   gd32f3x0_adc.o
       290          0          0          0          0       4033   gd32f3x0_gpio.o
       424         12          0          0          0      13376   gd32f3x0_i2c.o
        70          6          0          0          0       9663   gd32f3x0_it.o
        20          8          0          0          0        684   gd32f3x0_misc.o
       672         84          0          0          0      21722   gd32f3x0_rcu.o
      1020         50          0          0          0      25121   gd32f3x0_timer.o
       638         20          0          0          0      29038   main.o
      3982         26         52          0          0      39721   pixels.o
        64         26        336          0       6656        916   startup_gd32f3x0.o
       428         54          0          4          0       2391   system_gd32f3x0.o
       160         24          0          8          0      32447   systick.o

    ----------------------------------------------------------------------
     30188       2438      59937       1148       7032     296663   Object Totals
         0          0         32          0          0          0   (incl. Generated)
        30          0          1          0          4          0   (incl. Padding)

    ----------------------------------------------------------------------

      Code (inc. data)   RO Data    RW Data    ZI Data      Debug   Library Member Name

        90          0          0          0          0          0   __dczerorl2.o
         8          0          0          0          0         68   __main.o
       312          4         17          0          0         92   __printf_flags_wp.o
        14          0          0          0          0         68   __printf_wp.o
         0          0          0          0          0          0   __rtentry.o
        12          0          0          0          0          0   __rtentry2.o
         6          0          0          0          0          0   __rtentry4.o
        52          8          0          0          0          0   __scatter.o
        28          0          0          0          0          0   __scatter_zi.o
         0          0         12          0          0          0   _monlen.o
        44          0          0          0          0        108   _printf_char.o
        48          6          0          0          0         96   _printf_char_common.o
         6          0          0          0          0          0   _printf_d.o
       120         16          0          0          0         92   _printf_dec.o
       178          0          0          0          0         88   _printf_intcommon.o
        78          0          0          0          0        108   _printf_pad.o
         0          0          0          0          0          0   _printf_percent.o
         4          0          0          0          0          0   _printf_percent_end.o
         6          0          0          0          0          0   _printf_s.o
        82          0          0          0          0         80   _printf_str.o
        22          0          0          0          0        100   _rserrno.o
        10          0          0          0          0         68   _sputc.o
        22          0          0          0          0         80   abort.o
        16          0          0          0          0         68   aeabi_memset.o
        48         34          0          0          0         76   defsig_abrt_inner.o
        14          0          0          0          0         80   defsig_abrt_outer.o
        10          0          0          0          0         68   defsig_exit.o
        50          0          0          0          0         88   defsig_general.o
        80         58          0          0          0         76   defsig_rtmem_inner.o
        14          0          0          0          0         80   defsig_rtmem_outer.o
        18          0          0          0          0         80   exit.o
        94          0          0          0          0         80   h1_alloc.o
        52          0          0          0          0         68   h1_extend.o
        78          0          0          0          0         80   h1_free.o
        14          0          0          0          0         84   h1_init.o
         6          0          0          0          0        152   heapauxi.o
         4          0          0          0          0        136   hguard.o
         0          0          0          0          0          0   indicate_semi.o
        36         10          0          0          0         80   init_aeabi.o
       138          0          0          0          0        168   init_alloc.o
         2          0          0          0          0          0   libinit.o
        18          0          0          0          0          0   libinit2.o
         2          0          0          0          0          0   libshutdown.o
         2          0          0          0          0          0   libshutdown2.o
         8          4          0          0         96         68   libspace.o
        12          6          0          0         44         68   localtime.o
       184          6          0          0          0         80   localtime_internal.o
         0          0          0          0          0          0   maybetermalloc1.o
       428         10          0          0          0        116   mktime.o
        40          6          0          0          0         84   noretval__2sprintf.o
         8          4          0          0          0         68   rt_eh_globals_addr_intlibspace.o
         8          4          0          0          0         68   rt_errno_addr_intlibspace.o
         8          4          0          0          0         68   rt_heap_descriptor_intlibspace.o
        68          0          0          0          0         68   rt_memclr.o
        78          0          0          0          0         80   rt_memclr_w.o
       138          0          0          0          0         68   rt_memcpy_v6.o
       100          0          0          0          0         80   rt_memcpy_w.o
         8          4          0          0          0         68   rt_new_handler_addr_intlibspace.o
         2          0          0          0          0          0   rtexit.o
        10          0          0          0          0          0   rtexit2.o
        62          0          0          0          0         76   strlen.o
        12          4          0          0          0         68   sys_exit.o
        74          0          0          0          0         80   sys_stackheap_outer.o
        14          0          0          0          0         76   sys_wrch.o
         2          0          0          0          0         68   use_no_semi.o
        80         12          0          0          0        104   arm_exceptions_globs.o
        60          0          0          0          0        108   arm_exceptions_mem.o
        26          0          0          0          0         76   arm_exceptions_terminate.o
         4          0          0          0          0         68   arm_newhandler_noexceptions.o
         8          0          0          0          0         76   array_del.o
         8          0          0          0          0         76   array_new.o
         8          0          0          0          0         76   delete.o
        40          6          0          0          0         76   new.o
        98          4          0          0          0        140   d2f.o
       804         16          0          0          0        368   daddsub_clz.o
       688        140          0          0          0        256   ddiv.o
        38          0          0          0          0        116   dflt_clz.o
       340         12          0          0          0        152   dmul.o
       156          4          0          0          0        140   dnaninf.o
        12          0          0          0          0        116   dretinf.o
        86          4          0          0          0        132   f2d.o
       140          4          0          0          0        132   fnaninf.o
        10          0          0          0          0        116   fpinit.o
        10          0          0          0          0        116   fretinf.o
        96          4          0          0          0        124   frnd.o
         0          0          0          0          0          0   usenofp.o
        42         12          0          0          0        348   funder.o
       364         44         64          0          0        140   logf.o
        16          0          0          0          0        124   rintf.o

    ----------------------------------------------------------------------
      6256        450         95          0        140       7044   Library Totals
        20          0          2          0          0          0   (incl. Padding)

    ----------------------------------------------------------------------

      Code (inc. data)   RO Data    RW Data    ZI Data      Debug   Library Name

      3102        188         29          0        140       3864   c_w.l
       234         18          0          0          0        660   cpprt_w.l
      2478        188          0          0          0       1908   fz_wm.l
       422         56         64          0          0        612   m_wm.l

    ----------------------------------------------------------------------
      6256        450         95          0        140       7044   Library Totals

    ----------------------------------------------------------------------

==============================================================================


      Code (inc. data)   RO Data    RW Data    ZI Data      Debug   

     36444       2888      60032       1148       7172     283355   Grand Totals
     36444       2888      60032        284       7172     283355   ELF Image Totals (compressed)
     36444       2888      60032        284          0          0   ROM Totals

==============================================================================

    Total RO  Size (Code + RO Data)                96476 (  94.21kB)
    Total RW  Size (RW Data + ZI Data)              8320 (   8.13kB)
    Total ROM Size (Code + RO Data + RW Data)      96760 (  94.49kB)

==============================================================================

